Component: ARM Compiler 5.06 update 1 (build 61) Tool: armlink [4d35a8]

==============================================================================

Section Cross References

    main.o(i.ADC_IRQHandler) refers to app_timer.o(i.app_timer_cnt_get) for app_timer_cnt_get
    main.o(i.ADC_IRQHandler) refers to dfltui.o(.text) for __aeabi_ui2d
    main.o(i.ADC_IRQHandler) refers to dscalb.o(.text) for __ARM_scalbn
    main.o(i.ADC_IRQHandler) refers to dmul.o(.text) for __aeabi_dmul
    main.o(i.ADC_IRQHandler) refers to dfixui.o(.text) for __aeabi_d2uiz
    main.o(i.ADC_IRQHandler) refers to ffltui.o(.text) for __aeabi_ui2f
    main.o(i.ADC_IRQHandler) refers to fmul.o(.text) for __aeabi_fmul
    main.o(i.ADC_IRQHandler) refers to fadd.o(.text) for __aeabi_fadd
    main.o(i.ADC_IRQHandler) refers to boards.o(i.bsp_board_led_invert) for bsp_board_led_invert
    main.o(i.ADC_IRQHandler) refers to main.o(i.nrf_delay_us) for nrf_delay_us
    main.o(i.ADC_IRQHandler) refers to main.o(.data) for .data
    main.o(i.ADC_IRQHandler) refers to main.o(.bss) for .bss
    main.o(i.EZCR) refers to fadd.o(.text) for __aeabi_fsub
    main.o(i.EZCR) refers to f2d.o(.text) for __aeabi_f2d
    main.o(i.EZCR) refers to dflti.o(.text) for __aeabi_i2d
    main.o(i.EZCR) refers to dadd.o(.text) for __aeabi_dsub
    main.o(i.EZCR) refers to dmul.o(.text) for __aeabi_dmul
    main.o(i.EZCR) refers to ddiv.o(.text) for __aeabi_ddiv
    main.o(i.EZCR) refers to dfixui.o(.text) for __aeabi_d2uiz
    main.o(i.EZCR) refers to fflti.o(.text) for __aeabi_i2f
    main.o(i.EZCR) refers to main.o(.data) for .data
    main.o(i.EZCR) refers to main.o(.bss) for .bss
    main.o(i.advertising_init) refers to memseta.o(.text) for __aeabi_memclr4
    main.o(i.advertising_init) refers to ble_advertising.o(i.ble_advertising_init) for ble_advertising_init
    main.o(i.advertising_init) refers to app_error.o(i.app_error_handler_bare) for app_error_handler_bare
    main.o(i.advertising_init) refers to main.o(.data) for .data
    main.o(i.advertising_init) refers to main.o(i.on_adv_evt) for on_adv_evt
    main.o(i.assert_nrf_callback) refers to app_error.o(i.app_error_handler) for app_error_handler
    main.o(i.ble_evt_dispatch) refers to ble_conn_params.o(i.ble_conn_params_on_ble_evt) for ble_conn_params_on_ble_evt
    main.o(i.ble_evt_dispatch) refers to ble_nus.o(i.ble_nus_on_ble_evt) for ble_nus_on_ble_evt
    main.o(i.ble_evt_dispatch) refers to main.o(i.on_ble_evt) for on_ble_evt
    main.o(i.ble_evt_dispatch) refers to ble_advertising.o(i.ble_advertising_on_ble_evt) for ble_advertising_on_ble_evt
    main.o(i.ble_evt_dispatch) refers to bsp_btn_ble.o(i.bsp_btn_ble_on_ble_evt) for bsp_btn_ble_on_ble_evt
    main.o(i.ble_evt_dispatch) refers to main.o(.bss) for .bss
    main.o(i.conn_params_error_handler) refers to app_error.o(i.app_error_handler_bare) for app_error_handler_bare
    main.o(i.main) refers to memcpya.o(.text) for __aeabi_memcpy4
    main.o(i.main) refers to app_uart_fifo.o(i.app_uart_init) for app_uart_init
    main.o(i.main) refers to app_error.o(i.app_error_handler_bare) for app_error_handler_bare
    main.o(i.main) refers to main.o(i.adc_init) for adc_init
    main.o(i.main) refers to main.o(i.timer_init) for timer_init
    main.o(i.main) refers to bsp.o(i.bsp_init) for bsp_init
    main.o(i.main) refers to boards.o(i.bsp_board_led_on) for bsp_board_led_on
    main.o(i.main) refers to bsp_btn_ble.o(i.bsp_btn_ble_init) for bsp_btn_ble_init
    main.o(i.main) refers to softdevice_handler.o(i.softdevice_handler_init) for softdevice_handler_init
    main.o(i.main) refers to softdevice_handler.o(i.softdevice_enable_get_default_config) for softdevice_enable_get_default_config
    main.o(i.main) refers to softdevice_handler.o(i.softdevice_enable) for softdevice_enable
    main.o(i.main) refers to softdevice_handler.o(i.softdevice_ble_evt_handler_set) for softdevice_ble_evt_handler_set
    main.o(i.main) refers to ble_nus.o(i.ble_nus_init) for ble_nus_init
    main.o(i.main) refers to main.o(i.advertising_init) for advertising_init
    main.o(i.main) refers to memseta.o(.text) for __aeabi_memclr4
    main.o(i.main) refers to ble_conn_params.o(i.ble_conn_params_init) for ble_conn_params_init
    main.o(i.main) refers to printfa.o(i.__0printf) for __2printf
    main.o(i.main) refers to ble_advertising.o(i.ble_advertising_start) for ble_advertising_start
    main.o(i.main) refers to main.o(i.signal_processing_algorithms) for signal_processing_algorithms
    main.o(i.main) refers to main.o(i.nrf_gpio_pin_read) for nrf_gpio_pin_read
    main.o(i.main) refers to app_timer.o(i.app_timer_cnt_get) for app_timer_cnt_get
    main.o(i.main) refers to main.o(i.write_data) for write_data
    main.o(i.main) refers to dfltui.o(.text) for __aeabi_ui2d
    main.o(i.main) refers to dscalb.o(.text) for __ARM_scalbn
    main.o(i.main) refers to main.o(.constdata) for .constdata
    main.o(i.main) refers to main.o(.bss) for .bss
[...]
    i.app_util_critical_region_exit          0x0001cfb0   Section        0  app_util_platform.o(i.app_util_critical_region_exit)
    i.apply_config                           0x0001cfdc   Section        0  nrf_drv_uart.o(i.apply_config)
    apply_config                             0x0001cfdd   Thumb Code   128  nrf_drv_uart.o(i.apply_config)
    i.ble_advdata_set                        0x0001d060   Section        0  ble_advdata.o(i.ble_advdata_set)
    i.ble_advertising_init                   0x0001d0c8   Section        0  ble_advertising.o(i.ble_advertising_init)
    i.ble_advertising_on_ble_evt             0x0001d224   Section        0  ble_advertising.o(i.ble_advertising_on_ble_evt)
    i.ble_advertising_start                  0x0001d27c   Section        0  ble_advertising.o(i.ble_advertising_start)
    i.ble_conn_params_init                   0x0001d384   Section        0  ble_conn_params.o(i.ble_conn_params_init)
    i.ble_conn_params_on_ble_evt             0x0001d3d8   Section        0  ble_conn_params.o(i.ble_conn_params_on_ble_evt)
    i.ble_device_addr_encode                 0x0001d468   Section        0  ble_advdata.o(i.ble_device_addr_encode)
    ble_device_addr_encode                   0x0001d469   Thumb Code    94  ble_advdata.o(i.ble_device_addr_encode)
    i.ble_evt_dispatch                       0x0001d4c8   Section        0  main.o(i.ble_evt_dispatch)
    ble_evt_dispatch                         0x0001d4c9   Thumb Code    36  main.o(i.ble_evt_dispatch)
    i.ble_nus_init                           0x0001d4f0   Section        0  ble_nus.o(i.ble_nus_init)
    i.ble_nus_on_ble_evt                     0x0001d558   Section        0  ble_nus.o(i.ble_nus_on_ble_evt)
    i.ble_nus_string_send                    0x0001d5b4   Section        0  ble_nus.o(i.ble_nus_string_send)
    i.ble_srv_is_notification_enabled        0x0001d608   Section        0  ble_srv_common.o(i.ble_srv_is_notification_enabled)
    i.bsp_board_button_idx_to_pin            0x0001d618   Section        0  boards.o(i.bsp_board_button_idx_to_pin)
    i.bsp_board_button_state_get             0x0001d624   Section        0  boards.o(i.bsp_board_button_state_get)
    i.bsp_board_led_invert                   0x0001d644   Section        0  boards.o(i.bsp_board_led_invert)
    i.bsp_board_led_off                      0x0001d664   Section        0  boards.o(i.bsp_board_led_off)
    i.bsp_board_led_on                       0x0001d678   Section        0  boards.o(i.bsp_board_led_on)
    i.bsp_board_led_state_get                0x0001d68c   Section        0  boards.o(i.bsp_board_led_state_get)
    i.bsp_board_leds_init                    0x0001d6ac   Section        0  boards.o(i.bsp_board_leds_init)
    i.bsp_board_leds_off                     0x0001d6d4   Section        0  boards.o(i.bsp_board_leds_off)
    i.bsp_board_leds_on                      0x0001d6e6   Section        0  boards.o(i.bsp_board_leds_on)
    i.bsp_board_pin_to_button_idx            0x0001d6f8   Section        0  boards.o(i.bsp_board_pin_to_button_idx)
    i.bsp_btn_ble_init                       0x0001d71c   Section        0  bsp_btn_ble.o(i.bsp_btn_ble_init)
    i.bsp_btn_ble_on_ble_evt                 0x0001d75c   Section        0  bsp_btn_ble.o(i.bsp_btn_ble_on_ble_evt)
    i.bsp_btn_ble_sleep_mode_prepare         0x0001d7d4   Section        0  bsp_btn_ble.o(i.bsp_btn_ble_sleep_mode_prepare)
    i.bsp_button_event_handler               0x0001d7f8   Section        0  bsp.o(i.bsp_button_event_handler)
    bsp_button_event_handler                 0x0001d7f9   Thumb Code   134  bsp.o(i.bsp_button_event_handler)
    i.bsp_button_is_pressed                  0x0001d88c   Section        0  bsp.o(i.bsp_button_is_pressed)
    i.bsp_event_to_button_action_assign      0x0001d894   Section        0  bsp.o(i.bsp_event_to_button_action_assign)
    i.bsp_indication_set                     0x0001d8dc   Section        0  bsp.o(i.bsp_indication_set)
    i.bsp_init                               0x0001d8f8   Section        0  bsp.o(i.bsp_init)
    i.bsp_led_indication                     0x0001d990   Section        0  bsp.o(i.bsp_led_indication)
    bsp_led_indication                       0x0001d991   Thumb Code   376  bsp.o(i.bsp_led_indication)
    i.bsp_wakeup_button_enable               0x0001db10   Section        0  bsp.o(i.bsp_wakeup_button_enable)
    i.button_timer_handler                   0x0001db20   Section        0  bsp.o(i.button_timer_handler)
    button_timer_handler                     0x0001db21   Thumb Code    12  bsp.o(i.button_timer_handler)
    i.channel_free                           0x0001db2c   Section        0  nrf_drv_gpiote.o(i.channel_free)
    channel_free                             0x0001db2d   Thumb Code    22  nrf_drv_gpiote.o(i.channel_free)
    i.channel_port_alloc                     0x0001db48   Section        0  nrf_drv_gpiote.o(i.channel_port_alloc)
    channel_port_alloc                       0x0001db49   Thumb Code    66  nrf_drv_gpiote.o(i.channel_port_alloc)
    i.channel_port_get                       0x0001db90   Section        0  nrf_drv_gpiote.o(i.channel_port_get)
    channel_port_get                         0x0001db91   Thumb Code    10  nrf_drv_gpiote.o(i.channel_port_get)
    i.clock_clk_started_notify               0x0001dba0   Section        0  nrf_drv_clock.o(i.clock_clk_started_notify)
    clock_clk_started_notify                 0x0001dba1   Thumb Code    34  nrf_drv_clock.o(i.clock_clk_started_notify)
    i.compare_reg_update                     0x0001dbc8   Section        0  app_timer.o(i.compare_reg_update)
    compare_reg_update                       0x0001dbc9   Thumb Code   136  app_timer.o(i.compare_reg_update)
    i.conn_int_encode                        0x0001dc68   Section        0  ble_advdata.o(i.conn_int_encode)
    conn_int_encode                          0x0001dc69   Thumb Code   130  ble_advdata.o(i.conn_int_encode)
    i.conn_params_error_handler              0x0001dcf0   Section        0  main.o(i.conn_params_error_handler)
    conn_params_error_handler                0x0001dcf1   Thumb Code     8  main.o(i.conn_params_error_handler)
    i.conn_params_negotiation                0x0001dcf8   Section        0  ble_conn_params.o(i.conn_params_negotiation)
    conn_params_negotiation                  0x0001dcf9   Thumb Code    92  ble_conn_params.o(i.conn_params_negotiation)
    i.detection_delay_timeout_handler        0x0001dd60   Section        0  app_button.o(i.detection_delay_timeout_handler)
    detection_delay_timeout_handler          0x0001dd61   Thumb Code    90  app_button.o(i.detection_delay_timeout_handler)
    i.elapsed_ticks_acquire                  0x0001ddc0   Section        0  app_timer.o(i.elapsed_ticks_acquire)
    elapsed_ticks_acquire                    0x0001ddc1   Thumb Code    58  app_timer.o(i.elapsed_ticks_acquire)
    i.fifo_get                               0x0001de00   Section        0  app_fifo.o(i.fifo_get)
    fifo_get                                 0x0001de01   Thumb Code    20  app_fifo.o(i.fifo_get)
    i.fifo_put                               0x0001de14   Section        0  app_fifo.o(i.fifo_put)
    fifo_put                                 0x0001de15   Thumb Code    18  app_fifo.o(i.fifo_put)
    i.fputc                                  0x0001de26   Section        0  retarget.o(i.fputc)
    i.fs_queued_op_count_get                 0x0001de34   Section        0  fstorage.o(i.fs_queued_op_count_get)
    i.gpiote_event_handler                   0x0001de4c   Section        0  app_button.o(i.gpiote_event_handler)
    gpiote_event_handler                     0x0001de4d   Thumb Code    72  app_button.o(i.gpiote_event_handler)
    i.intern_softdevice_events_execute       0x0001de9c   Section        0  softdevice_handler.o(i.intern_softdevice_events_execute)
    i.is_conn_params_ok                      0x0001df1c   Section        0  ble_conn_params.o(i.is_conn_params_ok)
    is_conn_params_ok                        0x0001df1d   Thumb Code    24  ble_conn_params.o(i.is_conn_params_ok)
    i.is_manual_peripheral_setup_needed      0x0001df38   Section        0  system_nrf51.o(i.is_manual_peripheral_setup_needed)
    is_manual_peripheral_setup_needed        0x0001df39   Thumb Code    66  system_nrf51.o(i.is_manual_peripheral_setup_needed)
    i.leds_timer_handler                     0x0001df80   Section        0  bsp.o(i.leds_timer_handler)
    leds_timer_handler                       0x0001df81   Thumb Code    18  bsp.o(i.leds_timer_handler)
    i.list_deletions_handler                 0x0001df98   Section        0  app_timer.o(i.list_deletions_handler)
    list_deletions_handler                   0x0001df99   Thumb Code   162  app_timer.o(i.list_deletions_handler)
    i.list_insertions_handler                0x0001e044   Section        0  app_timer.o(i.list_insertions_handler)
    list_insertions_handler                  0x0001e045   Thumb Code   178  app_timer.o(i.list_insertions_handler)
    i.main                                   0x0001e100   Section        0  main.o(i.main)
    i.manuf_specific_data_encode             0x0001e5ac   Section        0  ble_advdata.o(i.manuf_specific_data_encode)
    manuf_specific_data_encode               0x0001e5ad   Thumb Code   104  ble_advdata.o(i.manuf_specific_data_encode)
    i.name_encode                            0x0001e614   Section        0  ble_advdata.o(i.name_encode)
    name_encode                              0x0001e615   Thumb Code   158  ble_advdata.o(i.name_encode)
    i.nrf_bitmask_bit_is_set                 0x0001e6b2   Section        0  nrf_drv_gpiote.o(i.nrf_bitmask_bit_is_set)
    nrf_bitmask_bit_is_set                   0x0001e6b3   Thumb Code    16  nrf_drv_gpiote.o(i.nrf_bitmask_bit_is_set)
    i.nrf_clock_event_check                  0x0001e6c2   Section        0  nrf_drv_clock.o(i.nrf_clock_event_check)
    nrf_clock_event_check                    0x0001e6c3   Thumb Code    16  nrf_drv_clock.o(i.nrf_clock_event_check)
    i.nrf_delay_us                           0x0001e6d4   Section        0  main.o(i.nrf_delay_us)
    nrf_delay_us                             0x0001e6d5   Thumb Code    38  main.o(i.nrf_delay_us)
    i.nrf_delay_us                           0x0001e704   Section        0  app_timer.o(i.nrf_delay_us)
    nrf_delay_us                             0x0001e705   Thumb Code    38  app_timer.o(i.nrf_delay_us)
    i.nrf_drv_clock_init                     0x0001e734   Section        0  nrf_drv_clock.o(i.nrf_drv_clock_init)
    i.nrf_drv_clock_on_sd_enable             0x0001e77c   Section        0  nrf_drv_clock.o(i.nrf_drv_clock_on_sd_enable)
    i.nrf_drv_clock_on_soc_event             0x0001e7b0   Section        0  nrf_drv_clock.o(i.nrf_drv_clock_on_soc_event)
    i.nrf_drv_common_irq_enable              0x0001e7bc   Section        0  nrf_drv_common.o(i.nrf_drv_common_irq_enable)
    i.nrf_drv_gpiote_in_event_enable         0x0001e81c   Section        0  nrf_drv_gpiote.o(i.nrf_drv_gpiote_in_event_enable)
    i.nrf_drv_gpiote_in_init                 0x0001e8b4   Section        0  nrf_drv_gpiote.o(i.nrf_drv_gpiote_in_init)
    i.nrf_drv_gpiote_in_is_set               0x0001e95c   Section        0  nrf_drv_gpiote.o(i.nrf_drv_gpiote_in_is_set)
    i.nrf_drv_gpiote_init                    0x0001e970   Section        0  nrf_drv_gpiote.o(i.nrf_drv_gpiote_init)
    i.nrf_drv_gpiote_is_init                 0x0001e9cc   Section        0  nrf_drv_gpiote.o(i.nrf_drv_gpiote_is_init)
    i.nrf_drv_uart_init                      0x0001e9dc   Section        0  nrf_drv_uart.o(i.nrf_drv_uart_init)
    i.nrf_drv_uart_rx                        0x0001ea5c   Section        0  nrf_drv_uart.o(i.nrf_drv_uart_rx)
    i.nrf_drv_uart_rx_enable                 0x0001eab8   Section        0  nrf_drv_uart.o(i.nrf_drv_uart_rx_enable)
    i.nrf_drv_uart_rx_for_uart               0x0001eae4   Section        0  nrf_drv_uart.o(i.nrf_drv_uart_rx_for_uart)
    nrf_drv_uart_rx_for_uart                 0x0001eae5   Thumb Code   164  nrf_drv_uart.o(i.nrf_drv_uart_rx_for_uart)
    i.nrf_drv_uart_tx                        0x0001eb8c   Section        0  nrf_drv_uart.o(i.nrf_drv_uart_tx)
    i.nrf_drv_uart_tx_for_uart               0x0001ebc0   Section        0  nrf_drv_uart.o(i.nrf_drv_uart_tx_for_uart)
    nrf_drv_uart_tx_for_uart                 0x0001ebc1   Thumb Code   134  nrf_drv_uart.o(i.nrf_drv_uart_tx_for_uart)
    i.nrf_drv_uart_tx_in_progress            0x0001ec4c   Section        0  nrf_drv_uart.o(i.nrf_drv_uart_tx_in_progress)
    i.nrf_gpio_cfg                           0x0001ec64   Section        0  boards.o(i.nrf_gpio_cfg)
    nrf_gpio_cfg                             0x0001ec65   Thumb Code    40  boards.o(i.nrf_gpio_cfg)
    i.nrf_gpio_cfg                           0x0001ec8c   Section        0  nrf_drv_gpiote.o(i.nrf_gpio_cfg)
    nrf_gpio_cfg                             0x0001ec8d   Thumb Code    40  nrf_drv_gpiote.o(i.nrf_gpio_cfg)
    i.nrf_gpio_cfg                           0x0001ecb4   Section        0  nrf_drv_uart.o(i.nrf_gpio_cfg)
    nrf_gpio_cfg                             0x0001ecb5   Thumb Code    40  nrf_drv_uart.o(i.nrf_gpio_cfg)
    i.nrf_gpio_cfg_input                     0x0001ecdc   Section        0  nrf_drv_uart.o(i.nrf_gpio_cfg_input)
    nrf_gpio_cfg_input                       0x0001ecdd   Thumb Code    18  nrf_drv_uart.o(i.nrf_gpio_cfg_input)
    i.nrf_gpio_cfg_output                    0x0001ecee   Section        0  nrf_drv_uart.o(i.nrf_gpio_cfg_output)
    nrf_gpio_cfg_output                      0x0001ecef   Thumb Code    20  nrf_drv_uart.o(i.nrf_gpio_cfg_output)
    i.nrf_gpio_cfg_sense_set                 0x0001ed02   Section        0  bsp.o(i.nrf_gpio_cfg_sense_set)
    nrf_gpio_cfg_sense_set                   0x0001ed03   Thumb Code    34  bsp.o(i.nrf_gpio_cfg_sense_set)
    i.nrf_gpio_cfg_sense_set                 0x0001ed24   Section        0  nrf_drv_gpiote.o(i.nrf_gpio_cfg_sense_set)
    nrf_gpio_cfg_sense_set                   0x0001ed25   Thumb Code    34  nrf_drv_gpiote.o(i.nrf_gpio_cfg_sense_set)
    i.nrf_gpio_pin_read                      0x0001ed48   Section        0  main.o(i.nrf_gpio_pin_read)
    nrf_gpio_pin_read                        0x0001ed49   Thumb Code    12  main.o(i.nrf_gpio_pin_read)
    i.nrf_gpio_pin_write                     0x0001ed58   Section        0  boards.o(i.nrf_gpio_pin_write)
    nrf_gpio_pin_write                       0x0001ed59   Thumb Code    18  boards.o(i.nrf_gpio_pin_write)
    i.nrf_gpio_ports_read                    0x0001ed70   Section        0  nrf_drv_gpiote.o(i.nrf_gpio_ports_read)
    nrf_gpio_ports_read                      0x0001ed71   Thumb Code    36  nrf_drv_gpiote.o(i.nrf_gpio_ports_read)
    i.nrf_gpiote_event_clear                 0x0001ed98   Section        0  nrf_drv_gpiote.o(i.nrf_gpiote_event_clear)
    nrf_gpiote_event_clear                   0x0001ed99   Thumb Code    10  nrf_drv_gpiote.o(i.nrf_gpiote_event_clear)
    i.nrf_gpiote_event_is_set                0x0001eda8   Section        0  nrf_drv_gpiote.o(i.nrf_gpiote_event_is_set)
    nrf_gpiote_event_is_set                  0x0001eda9   Thumb Code    14  nrf_drv_gpiote.o(i.nrf_gpiote_event_is_set)
    i.nrf_uart_event_check                   0x0001edbc   Section        0  nrf_drv_uart.o(i.nrf_uart_event_check)
    nrf_uart_event_check                     0x0001edbd   Thumb Code    10  nrf_drv_uart.o(i.nrf_uart_event_check)
    i.nrf_uart_int_enable_check              0x0001edc6   Section        0  nrf_drv_uart.o(i.nrf_uart_int_enable_check)
    nrf_uart_int_enable_check                0x0001edc7   Thumb Code    16  nrf_drv_uart.o(i.nrf_uart_int_enable_check)
    i.nus_data_handler                       0x0001edd8   Section        0  main.o(i.nus_data_handler)
    nus_data_handler                         0x0001edd9   Thumb Code   322  main.o(i.nus_data_handler)
    i.on_adv_evt                             0x0001ef90   Section        0  main.o(i.on_adv_evt)
    on_adv_evt                               0x0001ef91   Thumb Code    58  main.o(i.on_adv_evt)
    i.on_ble_evt                             0x0001efcc   Section        0  main.o(i.on_ble_evt)
    on_ble_evt                               0x0001efcd   Thumb Code   232  main.o(i.on_ble_evt)
    i.on_conn_params_evt                     0x0001f110   Section        0  main.o(i.on_conn_params_evt)
    on_conn_params_evt                       0x0001f111   Thumb Code    26  main.o(i.on_conn_params_evt)
    i.pin_in_use_by_port                     0x0001f130   Section        0  nrf_drv_gpiote.o(i.pin_in_use_by_port)
    pin_in_use_by_port                       0x0001f131   Thumb Code    20  nrf_drv_gpiote.o(i.pin_in_use_by_port)
    i.pin_in_use_by_te                       0x0001f148   Section        0  nrf_drv_gpiote.o(i.pin_in_use_by_te)
    pin_in_use_by_te                         0x0001f149   Thumb Code    20  nrf_drv_gpiote.o(i.pin_in_use_by_te)
    i.rx_byte                                0x0001f160   Section        0  nrf_drv_uart.o(i.rx_byte)
    rx_byte                                  0x0001f161   Thumb Code    38  nrf_drv_uart.o(i.rx_byte)
    i.rx_char_add                            0x0001f186   Section        0  ble_nus.o(i.rx_char_add)
    rx_char_add                              0x0001f187   Thumb Code   158  ble_nus.o(i.rx_char_add)
    i.rx_done_event                          0x0001f224   Section        0  nrf_drv_uart.o(i.rx_done_event)
    rx_done_event                            0x0001f225   Thumb Code    20  nrf_drv_uart.o(i.rx_done_event)
    i.rx_enable                              0x0001f238   Section        0  nrf_drv_uart.o(i.rx_enable)
    rx_enable                                0x0001f239   Thumb Code    26  nrf_drv_uart.o(i.rx_enable)
    i.sd_nvic_EnableIRQ                      0x0001f254   Section        0  softdevice_handler.o(i.sd_nvic_EnableIRQ)
    sd_nvic_EnableIRQ                        0x0001f255   Thumb Code   112  softdevice_handler.o(i.sd_nvic_EnableIRQ)
    i.service_data_encode                    0x0001f2d8   Section        0  ble_advdata.o(i.service_data_encode)
    service_data_encode                      0x0001f2d9   Thumb Code   142  ble_advdata.o(i.service_data_encode)
    i.set_adv_mode_fast                      0x0001f368   Section        0  ble_advertising.o(i.set_adv_mode_fast)
    set_adv_mode_fast                        0x0001f369   Thumb Code    80  ble_advertising.o(i.set_adv_mode_fast)
    i.set_adv_mode_slow                      0x0001f3c0   Section        0  ble_advertising.o(i.set_adv_mode_slow)
    set_adv_mode_slow                        0x0001f3c1   Thumb Code    76  ble_advertising.o(i.set_adv_mode_slow)
    i.signal_processing_algorithms           0x0001f414   Section        0  main.o(i.signal_processing_algorithms)
    i.softdevice_ble_evt_handler_set         0x0001f438   Section        0  softdevice_handler.o(i.softdevice_ble_evt_handler_set)
    i.softdevice_enable                      0x0001f44c   Section        0  softdevice_handler.o(i.softdevice_enable)
    i.softdevice_enable_get_default_config   0x0001f460   Section        0  softdevice_handler.o(i.softdevice_enable_get_default_config)
    i.softdevice_fault_handler               0x0001f488   Section        0  softdevice_handler.o(i.softdevice_fault_handler)
    i.softdevice_handler_init                0x0001f490   Section        0  softdevice_handler.o(i.softdevice_handler_init)
    i.softdevice_handler_is_enabled          0x0001f4e8   Section        0  softdevice_handler.o(i.softdevice_handler_is_enabled)
    i.timer_init                             0x0001f4f4   Section        0  main.o(i.timer_init)
    i.timer_list_handler                     0x0001f554   Section        0  app_timer.o(i.timer_list_handler)
    timer_list_handler                       0x0001f555   Thumb Code   128  app_timer.o(i.timer_list_handler)
    i.timer_list_handler_sched               0x0001f5d8   Section        0  app_timer.o(i.timer_list_handler_sched)
    timer_list_handler_sched                 0x0001f5d9   Thumb Code    10  app_timer.o(i.timer_list_handler_sched)
    i.timer_list_insert                      0x0001f5e8   Section        0  app_timer.o(i.timer_list_insert)
    timer_list_insert                        0x0001f5e9   Thumb Code    60  app_timer.o(i.timer_list_insert)
    i.timer_stop_op_schedule                 0x0001f628   Section        0  app_timer.o(i.timer_stop_op_schedule)
    timer_stop_op_schedule                   0x0001f629   Thumb Code    68  app_timer.o(i.timer_stop_op_schedule)
    i.timer_timeouts_check                   0x0001f670   Section        0  app_timer.o(i.timer_timeouts_check)
    timer_timeouts_check                     0x0001f671   Thumb Code   118  app_timer.o(i.timer_timeouts_check)
    i.tx_byte                                0x0001f6f0   Section        0  nrf_drv_uart.o(i.tx_byte)
    tx_byte                                  0x0001f6f1   Thumb Code    30  nrf_drv_uart.o(i.tx_byte)
    i.tx_char_add                            0x0001f70e   Section        0  ble_nus.o(i.tx_char_add)
    tx_char_add                              0x0001f70f   Thumb Code   128  ble_nus.o(i.tx_char_add)
    i.tx_done_event                          0x0001f78e   Section        0  nrf_drv_uart.o(i.tx_done_event)
    tx_done_event                            0x0001f78f   Thumb Code    24  nrf_drv_uart.o(i.tx_done_event)
    i.uart_event_handle                      0x0001f7a6   Section        0  main.o(i.uart_event_handle)
    i.uart_event_handler                     0x0001f7c0   Section        0  app_uart_fifo.o(i.uart_event_handler)
    uart_event_handler                       0x0001f7c1   Thumb Code   158  app_uart_fifo.o(i.uart_event_handler)
    i.uart_irq_handler                       0x0001f868   Section        0  nrf_drv_uart.o(i.uart_irq_handler)
    uart_irq_handler                         0x0001f869   Thumb Code   296  nrf_drv_uart.o(i.uart_irq_handler)
    i.uint16_encode                          0x0001f990   Section        0  ble_advdata.o(i.uint16_encode)
    uint16_encode                            0x0001f991   Thumb Code    10  ble_advdata.o(i.uint16_encode)
    i.update_timeout_handler                 0x0001f99c   Section        0  ble_conn_params.o(i.update_timeout_handler)
    update_timeout_handler                   0x0001f99d   Thumb Code    86  ble_conn_params.o(i.update_timeout_handler)
    i.user_op_alloc                          0x0001fa00   Section        0  app_timer.o(i.user_op_alloc)
    user_op_alloc                            0x0001fa01   Thumb Code    40  app_timer.o(i.user_op_alloc)
    i.uuid_list_encode                       0x0001fa2c   Section        0  ble_advdata.o(i.uuid_list_encode)
    uuid_list_encode                         0x0001fa2d   Thumb Code    48  ble_advdata.o(i.uuid_list_encode)
    i.uuid_list_sized_encode                 0x0001fa5c   Section        0  ble_advdata.o(i.uuid_list_sized_encode)
    uuid_list_sized_encode                   0x0001fa5d   Thumb Code   174  ble_advdata.o(i.uuid_list_sized_encode)
    i.whitelist_has_entries                  0x0001fb0c   Section        0  ble_advertising.o(i.whitelist_has_entries)
    whitelist_has_entries                    0x0001fb0d   Thumb Code    18  ble_advertising.o(i.whitelist_has_entries)
    i.write_data                             0x0001fb24   Section        0  main.o(i.write_data)
    .constdata                               0x0001fc20   Section       28  main.o(.constdata)
    .constdata                               0x0001fc3c   Section        8  boards.o(.constdata)
    m_board_led_list                         0x0001fc3c   Data           4  boards.o(.constdata)
    m_board_btn_list                         0x0001fc40   Data           4  boards.o(.constdata)
    .constdata                               0x0001fc44   Section       44  bsp.o(.constdata)
    m_leds_timer_id                          0x0001fc44   Data           4  bsp.o(.constdata)
    m_alert_timer_id                         0x0001fc48   Data           4  bsp.o(.constdata)
    m_button_timer_id                        0x0001fc4c   Data           4  bsp.o(.constdata)
    app_buttons                              0x0001fc50   Data          32  bsp.o(.constdata)
    .constdata                               0x0001fc70   Section        4  ble_conn_params.o(.constdata)
    m_conn_params_timer_id                   0x0001fc70   Data           4  ble_conn_params.o(.constdata)
    .constdata                               0x0001fc74   Section       16  ble_nus.o(.constdata)
    .constdata                               0x0001fc84   Section        4  nrf_drv_gpiote.o(.constdata)
    .constdata                               0x0001fc88   Section        8  app_button.o(.constdata)
    m_detection_delay_timer_id               0x0001fc88   Data           4  app_button.o(.constdata)
    .constdata                               0x0001fc90   Section       32  app_uart_fifo.o(.constdata)
    .data                                    0x20001fe8   Section      100  main.o(.data)
    m_conn_handle                            0x20001ff4   Data           2  main.o(.data)
    m_adv_uuids                              0x20001ffe   Data           4  main.o(.data)
    .data                                    0x2000204c   Section       20  bsp.o(.data)
    m_stable_state                           0x2000204c   Data           1  bsp.o(.data)
    m_leds_clear                             0x2000204d   Data           1  bsp.o(.data)
    current_long_push_pin_no                 0x2000204e   Data           1  bsp.o(.data)
    m_app_ticks_per_100ms                    0x20002050   Data           4  bsp.o(.data)
    m_indication_type                        0x20002054   Data           4  bsp.o(.data)
    m_registered_callback                    0x20002058   Data           4  bsp.o(.data)
    release_event_at_push                    0x2000205c   Data           4  bsp.o(.data)
    .data                                    0x20002060   Section        8  bsp_btn_ble.o(.data)
    m_error_handler                          0x20002060   Data           4  bsp_btn_ble.o(.data)
    m_num_connections                        0x20002064   Data           4  bsp_btn_ble.o(.data)
    .data                                    0x20002068   Section       48  ble_advertising.o(.data)
    m_initialized                            0x20002068   Data           1  ble_advertising.o(.data)
    m_advertising_start_pending              0x20002069   Data           1  ble_advertising.o(.data)
    m_adv_evt                                0x2000206a   Data           1  ble_advertising.o(.data)
    m_adv_mode_current                       0x2000206b   Data           1  ble_advertising.o(.data)
    m_peer_addr_reply_expected               0x2000206c   Data           1  ble_advertising.o(.data)
    m_whitelist_temporarily_disabled         0x2000206d   Data           1  ble_advertising.o(.data)
    m_whitelist_reply_expected               0x2000206e   Data           1  ble_advertising.o(.data)
    m_current_slave_link_conn_handle         0x20002070   Data           2  ble_advertising.o(.data)
    m_slave_conn_int                         0x20002072   Data           4  ble_advertising.o(.data)
    m_evt_handler                            0x20002078   Data           4  ble_advertising.o(.data)
    m_error_handler                          0x2000207c   Data           4  ble_advertising.o(.data)
    m_peer_address                           0x20002080   Data           7  ble_advertising.o(.data)
    m_whitelist                              0x20002088   Data          16  ble_advertising.o(.data)
    .data                                    0x20002098   Section       20  ble_conn_params.o(.data)
    m_change_param                           0x20002098   Data           1  ble_conn_params.o(.data)
    m_update_count                           0x20002099   Data           1  ble_conn_params.o(.data)
    m_conn_handle                            0x2000209a   Data           2  ble_conn_params.o(.data)
    m_preferred_conn_params                  0x2000209c   Data           8  ble_conn_params.o(.data)
    m_current_conn_params                    0x200020a4   Data           8  ble_conn_params.o(.data)
    .data                                    0x200020ac   Section       20  app_button.o(.data)
    m_button_count                           0x200020ac   Data           1  app_button.o(.data)
    mp_buttons                               0x200020b0   Data           4  app_button.o(.data)
    m_detection_delay                        0x200020b4   Data           4  app_button.o(.data)
    m_pin_state                              0x200020b8   Data           4  app_button.o(.data)
    m_pin_transition                         0x200020bc   Data           4  app_button.o(.data)
    .data                                    0x200020c0   Section       32  app_timer.o(.data)
    m_ticks_elapsed_q_read_ind               0x200020c0   Data           1  app_timer.o(.data)
    m_ticks_elapsed_q_write_ind              0x200020c1   Data           1  app_timer.o(.data)
    m_rtc1_running                           0x200020c2   Data           1  app_timer.o(.data)
    m_rtc1_reset                             0x200020c3   Data           1  app_timer.o(.data)
    mp_timer_id_head                         0x200020c4   Data           4  app_timer.o(.data)
    m_ticks_latest                           0x200020c8   Data           4  app_timer.o(.data)
    m_evt_schedule_func                      0x200020cc   Data           4  app_timer.o(.data)
    m_op_queue                               0x200020d0   Data           8  app_timer.o(.data)
    m_ticks_elapsed                          0x200020d8   Data           8  app_timer.o(.data)
    .data                                    0x200020e0   Section       16  app_uart_fifo.o(.data)
    tx_buffer                                0x200020e0   Data           1  app_uart_fifo.o(.data)
    rx_buffer                                0x200020e1   Data           1  app_uart_fifo.o(.data)
    m_rx_ovf                                 0x200020e2   Data           1  app_uart_fifo.o(.data)
    m_event_handler                          0x200020e4   Data           4  app_uart_fifo.o(.data)
    app_uart_inst                            0x200020e8   Data           8  app_uart_fifo.o(.data)
    .data                                    0x200020f0   Section       12  app_util_platform.o(.data)
    m_in_critical_region                     0x200020f0   Data           4  app_util_platform.o(.data)
    .data                                    0x200020fc   Section        4  retarget.o(.data)
    .data                                    0x20002100   Section       20  softdevice_handler.o(.data)
    m_softdevice_enabled                     0x20002100   Data           1  softdevice_handler.o(.data)
    m_suspended                              0x20002101   Data           1  softdevice_handler.o(.data)
    m_ble_evt_buffer_size                    0x20002102   Data           2  softdevice_handler.o(.data)
    m_evt_schedule_func                      0x20002104   Data           4  softdevice_handler.o(.data)
    mp_ble_evt_buffer                        0x20002108   Data           4  softdevice_handler.o(.data)
    m_ble_evt_handler                        0x2000210c   Data           4  softdevice_handler.o(.data)
    m_sys_evt_handler                        0x20002110   Data           4  softdevice_handler.o(.data)
    .data                                    0x20002114   Section        4  system_nrf51.o(.data)
    __tagsym$$used                           0x20002114   Number         0  system_nrf51.o(.data)
    .bss                                     0x20002118   Section     4992  main.o(.bss)
    BLE_EVT_BUFFER                           0x200028f4   Data          72  main.o(.bss)
    rx_buf                                   0x2000293c   Data         256  main.o(.bss)
    tx_buf                                   0x20002a3c   Data         256  main.o(.bss)
    APP_TIMER_BUF                            0x20002b3c   Data         120  main.o(.bss)
    m_nus                                    0x20002bb4   Data          28  main.o(.bss)
    .bss                                     0x20003498   Section       32  bsp.o(.bss)
    m_leds_timer_id_data                     0x20003498   Data          32  bsp.o(.bss)
    .bss                                     0x200034b8   Section       32  bsp.o(.bss)
    m_alert_timer_id_data                    0x200034b8   Data          32  bsp.o(.bss)
    .bss                                     0x200034d8   Section       12  bsp.o(.bss)
    m_events_list                            0x200034d8   Data          12  bsp.o(.bss)
    .bss                                     0x200034e4   Section       32  bsp.o(.bss)
    m_button_timer_id_data                   0x200034e4   Data          32  bsp.o(.bss)
    .bss                                     0x20003504   Section      363  ble_advertising.o(.bss)
    m_adv_modes_config                       0x20003504   Data          32  ble_advertising.o(.bss)
    m_advdata                                0x20003524   Data          60  ble_advertising.o(.bss)
    m_manuf_specific_data                    0x20003560   Data          12  ble_advertising.o(.bss)
    m_manuf_data_array                       0x2000356c   Data          31  ble_advertising.o(.bss)
    m_service_data                           0x2000358c   Data          12  ble_advertising.o(.bss)
    m_service_data_array                     0x20003598   Data          31  ble_advertising.o(.bss)
    m_whitelist_addrs                        0x200035b7   Data          56  ble_advertising.o(.bss)
    m_whitelist_irks                         0x200035ef   Data         128  ble_advertising.o(.bss)
    .bss                                     0x20003670   Section       32  ble_advertising.o(.bss)
    m_p_whitelist_addrs                      0x20003670   Data          32  ble_advertising.o(.bss)
    .bss                                     0x20003690   Section       32  ble_advertising.o(.bss)
    m_p_whitelist_irks                       0x20003690   Data          32  ble_advertising.o(.bss)
    .bss                                     0x200036b0   Section       32  ble_conn_params.o(.bss)
    m_conn_params_timer_id_data              0x200036b0   Data          32  ble_conn_params.o(.bss)
    .bss                                     0x200036d0   Section       28  ble_conn_params.o(.bss)
    m_conn_params_config                     0x200036d0   Data          28  ble_conn_params.o(.bss)
    .bss                                     0x200036ec   Section       20  nrf_drv_clock.o(.bss)
    m_clock_cb                               0x200036ec   Data          20  nrf_drv_clock.o(.bss)
    .bss                                     0x20003700   Section       72  nrf_drv_gpiote.o(.bss)
    m_cb                                     0x20003700   Data          72  nrf_drv_gpiote.o(.bss)
    .bss                                     0x20003748   Section       28  nrf_drv_uart.o(.bss)
    m_cb                                     0x20003748   Data          28  nrf_drv_uart.o(.bss)
    .bss                                     0x20003764   Section       32  app_button.o(.bss)
    m_detection_delay_timer_id_data          0x20003764   Data          32  app_button.o(.bss)
    .bss                                     0x20003784   Section       32  app_uart_fifo.o(.bss)
    m_rx_fifo                                0x20003784   Data          16  app_uart_fifo.o(.bss)
    m_tx_fifo                                0x20003794   Data          16  app_uart_fifo.o(.bss)
    .bss                                     0x200037a4   Section      104  fstorage.o(.bss)
    m_queue                                  0x200037a4   Data         104  fstorage.o(.bss)
    STACK                                    0x20003810   Section     2048  arm_startup_nrf51.o(STACK)

    Global Symbols

    Symbol Name                              Value     Ov Type        Size  Object(Section)

    BuildAttributes$$THM_ISAv3M$S$PE$A:L22$X:L11$S22$IEEE1$IW$USESV6$~STKCKD$USESV7$~SHL$OTIME$ROPI$EBA8$MICROLIB$REQ8$PRES8$EABIv2 0x00000000   Number         0  anon$$obj.o ABSOLUTE
    __ARM_use_no_argv                        0x00000000   Number         0  main.o ABSOLUTE
    _printf_a                                0x00000000   Number         0  stubs.o ABSOLUTE
    _printf_c                                0x00000000   Number         0  stubs.o ABSOLUTE
    _printf_charcount                        0x00000000   Number         0  stubs.o ABSOLUTE
    _printf_d                                0x00000000   Number         0  stubs.o ABSOLUTE
    _printf_e                                0x00000000   Number         0  stubs.o ABSOLUTE
    _printf_f                                0x00000000   Number         0  stubs.o ABSOLUTE
    _printf_flags                            0x00000000   Number         0  stubs.o ABSOLUTE
    _printf_fp_dec                           0x00000000   Number         0  stubs.o ABSOLUTE
    _printf_fp_hex                           0x00000000   Number         0  stubs.o ABSOLUTE
    _printf_g                                0x00000000   Number         0  stubs.o ABSOLUTE
    _printf_i                                0x00000000   Number         0  stubs.o ABSOLUTE
    _printf_int_dec                          0x00000000   Number         0  stubs.o ABSOLUTE
    _printf_l                                0x00000000   Number         0  stubs.o ABSOLUTE
    _printf_lc                               0x00000000   Number         0  stubs.o ABSOLUTE
    _printf_ll                               0x00000000   Number         0  stubs.o ABSOLUTE
    _printf_lld                              0x00000000   Number         0  stubs.o ABSOLUTE
    _printf_lli                              0x00000000   Number         0  stubs.o ABSOLUTE
    _printf_llo                              0x00000000   Number         0  stubs.o ABSOLUTE
    _printf_llu                              0x00000000   Number         0  stubs.o ABSOLUTE
    _printf_llx                              0x00000000   Number         0  stubs.o ABSOLUTE
    _printf_longlong_dec                     0x00000000   Number         0  stubs.o ABSOLUTE
    _printf_longlong_hex                     0x00000000   Number         0  stubs.o ABSOLUTE
    _printf_longlong_oct                     0x00000000   Number         0  stubs.o ABSOLUTE
    _printf_ls                               0x00000000   Number         0  stubs.o ABSOLUTE
    _printf_mbtowc                           0x00000000   Number         0  stubs.o ABSOLUTE
    _printf_n                                0x00000000   Number         0  stubs.o ABSOLUTE
    _printf_o                                0x00000000   Number         0  stubs.o ABSOLUTE
    _printf_p                                0x00000000   Number         0  stubs.o ABSOLUTE
    _printf_percent                          0x00000000   Number         0  stubs.o ABSOLUTE
    _printf_pre_padding                      0x00000000   Number         0  stubs.o ABSOLUTE
    _printf_return_value                     0x00000000   Number         0  stubs.o ABSOLUTE
    _printf_s                                0x00000000   Number         0  stubs.o ABSOLUTE
    _printf_sizespec                         0x00000000   Number         0  stubs.o ABSOLUTE
    _printf_str                              0x00000000   Number         0  stubs.o ABSOLUTE
    _printf_truncate_signed                  0x00000000   Number         0  stubs.o ABSOLUTE
    _printf_truncate_unsigned                0x00000000   Number         0  stubs.o ABSOLUTE
    _printf_u                                0x00000000   Number         0  stubs.o ABSOLUTE
    _printf_wc                               0x00000000   Number         0  stubs.o ABSOLUTE
    _printf_wctomb                           0x00000000   Number         0  stubs.o ABSOLUTE
    _printf_widthprec                        0x00000000   Number         0  stubs.o ABSOLUTE
    _printf_x                                0x00000000   Number         0  stubs.o ABSOLUTE
    __cpp_initialize__aeabi_                  - Undefined Weak Reference
    __cxa_finalize                            - Undefined Weak Reference
    _clock_init                               - Undefined Weak Reference
    _microlib_exit                            - Undefined Weak Reference
    fs_data$$Base                             - Undefined Reference
    fs_data$$Limit                            - Undefined Reference
    __Vectors_Size                           0x000000c0   Number         0  arm_startup_nrf51.o ABSOLUTE
    __Vectors                                0x0001b000   Data           4  arm_startup_nrf51.o(RESET)
    __Vectors_End                            0x0001b0c0   Data           0  arm_startup_nrf51.o(RESET)
    __main                                   0x0001b0c1   Thumb Code     0  entry.o(.ARM.Collect$$$$00000000)
    _main_stk                                0x0001b0c1   Thumb Code     0  entry2.o(.ARM.Collect$$$$00000001)
    _main_scatterload                        0x0001b0c5   Thumb Code     0  entry5.o(.ARM.Collect$$$$00000004)
    __main_after_scatterload                 0x0001b0c9   Thumb Code     0  entry5.o(.ARM.Collect$$$$00000004)
    _main_clock                              0x0001b0c9   Thumb Code     0  entry7b.o(.ARM.Collect$$$$00000008)
    _main_cpp_init                           0x0001b0c9   Thumb Code     0  entry8b.o(.ARM.Collect$$$$0000000A)
    _main_init                               0x0001b0c9   Thumb Code     0  entry9a.o(.ARM.Collect$$$$0000000B)
    __rt_final_cpp                           0x0001b0d1   Thumb Code     0  entry10a.o(.ARM.Collect$$$$0000000D)
    __rt_final_exit                          0x0001b0d1   Thumb Code     0  entry11a.o(.ARM.Collect$$$$0000000F)
    Reset_Handler                            0x0001b0d5   Thumb Code    26  arm_startup_nrf51.o(.text)
    NMI_Handler                              0x0001b0ef   Thumb Code     2  arm_startup_nrf51.o(.text)
    HardFault_Handler                        0x0001b0f1   Thumb Code     2  arm_startup_nrf51.o(.text)
    SVC_Handler                              0x0001b0f3   Thumb Code     2  arm_startup_nrf51.o(.text)
    PendSV_Handler                           0x0001b0f5   Thumb Code     2  arm_startup_nrf51.o(.text)
    SysTick_Handler                          0x0001b0f7   Thumb Code     2  arm_startup_nrf51.o(.text)
    CCM_AAR_IRQHandler                       0x0001b0f9   Thumb Code     0  arm_startup_nrf51.o(.text)
    ECB_IRQHandler                           0x0001b0f9   Thumb Code     0  arm_startup_nrf51.o(.text)
    LPCOMP_IRQHandler                        0x0001b0f9   Thumb Code     0  arm_startup_nrf51.o(.text)
    QDEC_IRQHandler                          0x0001b0f9   Thumb Code     0  arm_startup_nrf51.o(.text)
    RADIO_IRQHandler                         0x0001b0f9   Thumb Code     0  arm_startup_nrf51.o(.text)
    RNG_IRQHandler                           0x0001b0f9   Thumb Code     0  arm_startup_nrf51.o(.text)
    RTC0_IRQHandler                          0x0001b0f9   Thumb Code     0  arm_startup_nrf51.o(.text)
    SPI0_TWI0_IRQHandler                     0x0001b0f9   Thumb Code     0  arm_startup_nrf51.o(.text)
    SPI1_TWI1_IRQHandler                     0x0001b0f9   Thumb Code     0  arm_startup_nrf51.o(.text)
    SWI1_IRQHandler                          0x0001b0f9   Thumb Code     0  arm_startup_nrf51.o(.text)
    SWI3_IRQHandler                          0x0001b0f9   Thumb Code     0  arm_startup_nrf51.o(.text)
    SWI4_IRQHandler                          0x0001b0f9   Thumb Code     0  arm_startup_nrf51.o(.text)
    SWI5_IRQHandler                          0x0001b0f9   Thumb Code     0  arm_startup_nrf51.o(.text)
    TEMP_IRQHandler                          0x0001b0f9   Thumb Code     0  arm_startup_nrf51.o(.text)
    TIMER0_IRQHandler                        0x0001b0f9   Thumb Code     0  arm_startup_nrf51.o(.text)
    TIMER1_IRQHandler                        0x0001b0f9   Thumb Code     0  arm_startup_nrf51.o(.text)
    TIMER2_IRQHandler                        0x0001b0f9   Thumb Code     0  arm_startup_nrf51.o(.text)
    WDT_IRQHandler                           0x0001b0f9   Thumb Code     0  arm_startup_nrf51.o(.text)
    __aeabi_uidiv                            0x0001b10d   Thumb Code     0  uidiv.o(.text)
    __aeabi_uidivmod                         0x0001b10d   Thumb Code    44  uidiv.o(.text)
    __aeabi_memcpy                           0x0001b139   Thumb Code    36  memcpya.o(.text)
    __aeabi_memcpy4                          0x0001b139   Thumb Code     0  memcpya.o(.text)
    __aeabi_memcpy8                          0x0001b139   Thumb Code     0  memcpya.o(.text)
    __aeabi_memset                           0x0001b15d   Thumb Code    14  memseta.o(.text)
    __aeabi_memset4                          0x0001b15d   Thumb Code     0  memseta.o(.text)
    __aeabi_memset8                          0x0001b15d   Thumb Code     0  memseta.o(.text)
    __aeabi_memclr                           0x0001b16b   Thumb Code     4  memseta.o(.text)
    __aeabi_memclr4                          0x0001b16b   Thumb Code     0  memseta.o(.text)
    __aeabi_memclr8                          0x0001b16b   Thumb Code     0  memseta.o(.text)
    _memset$wrapper                          0x0001b16f   Thumb Code    18  memseta.o(.text)
    strcpy                                   0x0001b181   Thumb Code    18  strcpy.o(.text)
    __aeabi_fadd                             0x0001b193   Thumb Code   162  fadd.o(.text)
    __aeabi_fsub                             0x0001b235   Thumb Code     8  fadd.o(.text)
    __aeabi_frsub                            0x0001b23d   Thumb Code     8  fadd.o(.text)
    __aeabi_fmul                             0x0001b245   Thumb Code   122  fmul.o(.text)
    __aeabi_dadd                             0x0001b2c1   Thumb Code   328  dadd.o(.text)
    __aeabi_dsub                             0x0001b409   Thumb Code    12  dadd.o(.text)
    __aeabi_drsub                            0x0001b415   Thumb Code    12  dadd.o(.text)
    __aeabi_dmul                             0x0001b425   Thumb Code   202  dmul.o(.text)
    __aeabi_ddiv                             0x0001b4f5   Thumb Code   234  ddiv.o(.text)
    __ARM_scalbn                             0x0001b5e5   Thumb Code    44  dscalb.o(.text)
    scalbn                                   0x0001b5e5   Thumb Code     0  dscalb.o(.text)
    __aeabi_i2f                              0x0001b611   Thumb Code    22  fflti.o(.text)
    __aeabi_ui2f                             0x0001b627   Thumb Code    14  ffltui.o(.text)
    __aeabi_i2d                              0x0001b635   Thumb Code    34  dflti.o(.text)
    __aeabi_ui2d                             0x0001b65d   Thumb Code    24  dfltui.o(.text)
    __aeabi_d2uiz                            0x0001b679   Thumb Code    50  dfixui.o(.text)
    __aeabi_f2d                              0x0001b6b5   Thumb Code    40  f2d.o(.text)
    __aeabi_uldivmod                         0x0001b6dd   Thumb Code    96  uldiv.o(.text)
    __aeabi_llsl                             0x0001b73d   Thumb Code    32  llshl.o(.text)
    _ll_shift_l                              0x0001b73d   Thumb Code     0  llshl.o(.text)
    __aeabi_llsr                             0x0001b75d   Thumb Code    34  llushr.o(.text)
    _ll_ushift_r                             0x0001b75d   Thumb Code     0  llushr.o(.text)
    __aeabi_lasr                             0x0001b77f   Thumb Code    38  llsshr.o(.text)
    _ll_sshift_r                             0x0001b77f   Thumb Code     0  llsshr.o(.text)
    __I$use$fp                               0x0001b7a5   Thumb Code     0  iusefp.o(.text)
    _float_round                             0x0001b7a5   Thumb Code    16  fepilogue.o(.text)
    _float_epilogue                          0x0001b7b5   Thumb Code   114  fepilogue.o(.text)
    _double_round                            0x0001b827   Thumb Code    26  depilogue.o(.text)
    _double_epilogue                         0x0001b841   Thumb Code   164  depilogue.o(.text)
    __aeabi_d2ulz                            0x0001b8e5   Thumb Code    54  dfixul.o(.text)
    __aeabi_cdrcmple                         0x0001b925   Thumb Code    38  cdrcmple.o(.text)
    __scatterload                            0x0001b94d   Thumb Code    28  init.o(.text)
    __scatterload_rt2                        0x0001b94d   Thumb Code     0  init.o(.text)
    __decompress                             0x0001b971   Thumb Code     0  __dczerorl2.o(.text)
    __decompress1                            0x0001b971   Thumb Code    86  __dczerorl2.o(.text)
    ADC_IRQHandler                           0x0001b9c9   Thumb Code   514  main.o(i.ADC_IRQHandler)
    EZCR                                     0x0001bbed   Thumb Code   200  main.o(i.EZCR)
    GPIOTE_IRQHandler                        0x0001bcc5   Thumb Code   364  nrf_drv_gpiote.o(i.GPIOTE_IRQHandler)
    POWER_CLOCK_IRQHandler                   0x0001be81   Thumb Code    70  nrf_drv_clock.o(i.POWER_CLOCK_IRQHandler)
    RTC1_IRQHandler                          0x0001bed5   Thumb Code    28  app_timer.o(i.RTC1_IRQHandler)
    SWI0_IRQHandler                          0x0001bef5   Thumb Code     8  app_timer.o(i.SWI0_IRQHandler)
    SWI2_IRQHandler                          0x0001befd   Thumb Code    28  softdevice_handler.o(i.SWI2_IRQHandler)
    SystemInit                               0x0001bf1d   Thumb Code   130  system_nrf51.o(i.SystemInit)
    UART0_IRQHandler                         0x0001bfbd   Thumb Code    12  nrf_drv_uart.o(i.UART0_IRQHandler)
    __0printf                                0x0001bfd1   Thumb Code    24  printfa.o(i.__0printf)
    __1printf                                0x0001bfd1   Thumb Code     0  printfa.o(i.__0printf)
    __2printf                                0x0001bfd1   Thumb Code     0  printfa.o(i.__0printf)
    __c89printf                              0x0001bfd1   Thumb Code     0  printfa.o(i.__0printf)
    printf                                   0x0001bfd1   Thumb Code     0  printfa.o(i.__0printf)
    __ARM_clz                                0x0001bff1   Thumb Code    46  depilogue.o(i.__ARM_clz)
    __ARM_common_switch8                     0x0001c01f   Thumb Code    26  bsp.o(i.__ARM_common_switch8)
    __scatterload_copy                       0x0001c039   Thumb Code    14  handlers.o(i.__scatterload_copy)
    __scatterload_null                       0x0001c047   Thumb Code     2  handlers.o(i.__scatterload_null)
    __scatterload_zeroinit                   0x0001c049   Thumb Code    14  handlers.o(i.__scatterload_zeroinit)
    adc_init                                 0x0001c905   Thumb Code    36  main.o(i.adc_init)
    adv_data_encode                          0x0001c93d   Thumb Code   398  ble_advdata.o(i.adv_data_encode)
    app_button_enable                        0x0001cbdd   Thumb Code    32  app_button.o(i.app_button_enable)
    app_button_init                          0x0001cc01   Thumb Code   100  app_button.o(i.app_button_init)
    app_error_fault_handler                  0x0001cc75   Thumb Code    18  app_error_weak.o(i.app_error_fault_handler)
    app_error_handler_bare                   0x0001cc91   Thumb Code    20  app_error.o(i.app_error_handler_bare)
    app_fifo_get                             0x0001cca9   Thumb Code    22  app_fifo.o(i.app_fifo_get)
    app_fifo_init                            0x0001ccbf   Thumb Code    36  app_fifo.o(i.app_fifo_init)
    app_fifo_put                             0x0001cce3   Thumb Code    26  app_fifo.o(i.app_fifo_put)
    app_timer_cnt_get                        0x0001ccfd   Thumb Code     6  app_timer.o(i.app_timer_cnt_get)
    app_timer_create                         0x0001cd09   Thumb Code    40  app_timer.o(i.app_timer_create)
    app_timer_init                           0x0001cd35   Thumb Code   136  app_timer.o(i.app_timer_init)
    app_timer_start                          0x0001cdd5   Thumb Code   128  app_timer.o(i.app_timer_start)
    app_timer_stop                           0x0001ce5d   Thumb Code    36  app_timer.o(i.app_timer_stop)
    app_uart_init                            0x0001ce85   Thumb Code   160  app_uart_fifo.o(i.app_uart_init)
    app_uart_put                             0x0001cf35   Thumb Code    56  app_uart_fifo.o(i.app_uart_put)
    app_util_critical_region_enter           0x0001cf75   Thumb Code    48  app_util_platform.o(i.app_util_critical_region_enter)
    app_util_critical_region_exit            0x0001cfb1   Thumb Code    36  app_util_platform.o(i.app_util_critical_region_exit)
    ble_advdata_set                          0x0001d061   Thumb Code   104  ble_advdata.o(i.ble_advdata_set)
    ble_advertising_init                     0x0001d0c9   Thumb Code   340  ble_advertising.o(i.ble_advertising_init)
    ble_advertising_on_ble_evt               0x0001d225   Thumb Code    82  ble_advertising.o(i.ble_advertising_on_ble_evt)
    ble_advertising_start                    0x0001d27d   Thumb Code   256  ble_advertising.o(i.ble_advertising_start)
    ble_conn_params_init                     0x0001d385   Thumb Code    68  ble_conn_params.o(i.ble_conn_params_init)
    ble_conn_params_on_ble_evt               0x0001d3d9   Thumb Code   130  ble_conn_params.o(i.ble_conn_params_on_ble_evt)
    ble_nus_init                             0x0001d4f1   Thumb Code    98  ble_nus.o(i.ble_nus_init)
    ble_nus_on_ble_evt                       0x0001d559   Thumb Code    92  ble_nus.o(i.ble_nus_on_ble_evt)
    ble_nus_string_send                      0x0001d5b5   Thumb Code    78  ble_nus.o(i.ble_nus_string_send)
    ble_srv_is_notification_enabled          0x0001d609   Thumb Code    14  ble_srv_common.o(i.ble_srv_is_notification_enabled)
    bsp_board_button_idx_to_pin              0x0001d619   Thumb Code     6  boards.o(i.bsp_board_button_idx_to_pin)
    bsp_board_button_state_get               0x0001d625   Thumb Code    24  boards.o(i.bsp_board_button_state_get)
    bsp_board_led_invert                     0x0001d645   Thumb Code    24  boards.o(i.bsp_board_led_invert)
    bsp_board_led_off                        0x0001d665   Thumb Code    14  boards.o(i.bsp_board_led_off)
    bsp_board_led_on                         0x0001d679   Thumb Code    14  boards.o(i.bsp_board_led_on)
    bsp_board_led_state_get                  0x0001d68d   Thumb Code    24  boards.o(i.bsp_board_led_state_get)
    bsp_board_leds_init                      0x0001d6ad   Thumb Code    36  boards.o(i.bsp_board_leds_init)
    bsp_board_leds_off                       0x0001d6d5   Thumb Code    18  boards.o(i.bsp_board_leds_off)
    bsp_board_leds_on                        0x0001d6e7   Thumb Code    18  boards.o(i.bsp_board_leds_on)
    bsp_board_pin_to_button_idx              0x0001d6f9   Thumb Code    30  boards.o(i.bsp_board_pin_to_button_idx)
    bsp_btn_ble_init                         0x0001d71d   Thumb Code    58  bsp_btn_ble.o(i.bsp_btn_ble_init)
    bsp_btn_ble_on_ble_evt                   0x0001d75d   Thumb Code   114  bsp_btn_ble.o(i.bsp_btn_ble_on_ble_evt)
    bsp_btn_ble_sleep_mode_prepare           0x0001d7d5   Thumb Code    34  bsp_btn_ble.o(i.bsp_btn_ble_sleep_mode_prepare)
    bsp_button_is_pressed                    0x0001d88d   Thumb Code     8  bsp.o(i.bsp_button_is_pressed)
    bsp_event_to_button_action_assign        0x0001d895   Thumb Code    66  bsp.o(i.bsp_event_to_button_action_assign)
    bsp_indication_set                       0x0001d8dd   Thumb Code    22  bsp.o(i.bsp_indication_set)
    bsp_init                                 0x0001d8f9   Thumb Code   132  bsp.o(i.bsp_init)
    bsp_wakeup_button_enable                 0x0001db11   Thumb Code    16  bsp.o(i.bsp_wakeup_button_enable)
    fputc                                    0x0001de27   Thumb Code    14  retarget.o(i.fputc)
    fs_queued_op_count_get                   0x0001de35   Thumb Code    18  fstorage.o(i.fs_queued_op_count_get)
    intern_softdevice_events_execute         0x0001de9d   Thumb Code   122  softdevice_handler.o(i.intern_softdevice_events_execute)
    main                                     0x0001e101   Thumb Code   878  main.o(i.main)
    nrf_drv_clock_init                       0x0001e735   Thumb Code    60  nrf_drv_clock.o(i.nrf_drv_clock_init)
    nrf_drv_clock_on_sd_enable               0x0001e77d   Thumb Code    46  nrf_drv_clock.o(i.nrf_drv_clock_on_sd_enable)
    nrf_drv_clock_on_soc_event               0x0001e7b1   Thumb Code    12  nrf_drv_clock.o(i.nrf_drv_clock_on_soc_event)
    nrf_drv_common_irq_enable                0x0001e7bd   Thumb Code    78  nrf_drv_common.o(i.nrf_drv_common_irq_enable)
    nrf_drv_gpiote_in_event_enable           0x0001e81d   Thumb Code   136  nrf_drv_gpiote.o(i.nrf_drv_gpiote_in_event_enable)
    nrf_drv_gpiote_in_init                   0x0001e8b5   Thumb Code   154  nrf_drv_gpiote.o(i.nrf_drv_gpiote_in_init)
    nrf_drv_gpiote_in_is_set                 0x0001e95d   Thumb Code    16  nrf_drv_gpiote.o(i.nrf_drv_gpiote_in_is_set)
    nrf_drv_gpiote_init                      0x0001e971   Thumb Code    84  nrf_drv_gpiote.o(i.nrf_drv_gpiote_init)
    nrf_drv_gpiote_is_init                   0x0001e9cd   Thumb Code    12  nrf_drv_gpiote.o(i.nrf_drv_gpiote_is_init)
    nrf_drv_uart_init                        0x0001e9dd   Thumb Code   118  nrf_drv_uart.o(i.nrf_drv_uart_init)
    nrf_drv_uart_rx                          0x0001ea5d   Thumb Code    86  nrf_drv_uart.o(i.nrf_drv_uart_rx)
    nrf_drv_uart_rx_enable                   0x0001eab9   Thumb Code    40  nrf_drv_uart.o(i.nrf_drv_uart_rx_enable)
    nrf_drv_uart_tx                          0x0001eb8d   Thumb Code    46  nrf_drv_uart.o(i.nrf_drv_uart_tx)
    nrf_drv_uart_tx_in_progress              0x0001ec4d   Thumb Code    20  nrf_drv_uart.o(i.nrf_drv_uart_tx_in_progress)
    signal_processing_algorithms             0x0001f415   Thumb Code    28  main.o(i.signal_processing_algorithms)
    softdevice_ble_evt_handler_set           0x0001f439   Thumb Code    16  softdevice_handler.o(i.softdevice_ble_evt_handler_set)
    softdevice_enable                        0x0001f44d   Thumb Code    14  softdevice_handler.o(i.softdevice_enable)
    softdevice_enable_get_default_config     0x0001f461   Thumb Code    40  softdevice_handler.o(i.softdevice_enable_get_default_config)
    softdevice_fault_handler                 0x0001f489   Thumb Code     8  softdevice_handler.o(i.softdevice_fault_handler)
    softdevice_handler_init                  0x0001f491   Thumb Code    74  softdevice_handler.o(i.softdevice_handler_init)
    softdevice_handler_is_enabled            0x0001f4e9   Thumb Code     6  softdevice_handler.o(i.softdevice_handler_is_enabled)
    timer_init                               0x0001f4f5   Thumb Code    74  main.o(i.timer_init)
    uart_event_handle                        0x0001f7a7   Thumb Code    24  main.o(i.uart_event_handle)
    write_data                               0x0001fb25   Thumb Code   186  main.o(i.write_data)
    Region$$Table$$Base                      0x0001fcb0   Number         0  anon$$obj.o(Region$$Table)
    Region$$Table$$Limit                     0x0001fcd0   Number         0  anon$$obj.o(Region$$Table)
    Image$$RW_IRAM1$$Base                    0x20001fe8   Number         0  anon$$obj.o ABSOLUTE
    adc_cnt                                  0x20001fe8   Data           1  main.o(.data)
    pwm_start                                0x20001fe9   Data           1  main.o(.data)
    ADC_START                                0x20001fea   Data           1  main.o(.data)
    NTP_START                                0x20001feb   Data           1  main.o(.data)
    FOLLOW_UP                                0x20001fec   Data           1  main.o(.data)
    FOLLOW_UP_START                          0x20001fed   Data           1  main.o(.data)
    BUTTON_1_PRESS                           0x20001fee   Data           1  main.o(.data)
    Receive_Reply1                           0x20001fef   Data           1  main.o(.data)
    Receive_Reply2_t2                        0x20001ff0   Data           1  main.o(.data)
    Receive_Reply2_t3                        0x20001ff1   Data           1  main.o(.data)
    sep_start                                0x20001ff2   Data           1  main.o(.data)
    time_start                               0x20001ff3   Data           1  main.o(.data)
    cal_cnt                                  0x20001ff6   Data           2  main.o(.data)
    x_prev                                   0x20001ff8   Data           2  main.o(.data)
    phi2                                     0x20001ffa   Data           2  main.o(.data)
    phi3                                     0x20001ffc   Data           2  main.o(.data)
    buf_index                                0x20002004   Data           4  main.o(.data)
    y_prev                                   0x20002008   Data           4  main.o(.data)
    ybpf_prev                                0x2000200c   Data           4  main.o(.data)
    base_time                                0x20002010   Data           4  main.o(.data)
    pre_us                                   0x20002014   Data           4  main.o(.data)
    diff_us                                  0x20002018   Data           4  main.o(.data)
    total_us                                 0x2000201c   Data           4  main.o(.data)
    BPF_z                                    0x20002020   Data           8  main.o(.data)
    BPF_b                                    0x20002028   Data          12  main.o(.data)
    BPF_a                                    0x20002034   Data          12  main.o(.data)
    sys_time                                 0x20002040   Data          12  main.o(.data)
    nrf_nvic_state                           0x200020f4   Data           8  app_util_platform.o(.data)
    __stdout                                 0x200020fc   Data           4  retarget.o(.data)
    SystemCoreClock                          0x20002114   Data           4  system_nrf51.o(.data)
    TimeSocket                               0x20002118   Data          10  main.o(.bss)
    ybpf                                     0x20002124   Data        2000  main.o(.bss)
    sep_timestamp                            0x20002bd0   Data        1000  main.o(.bss)
    sep_signal                               0x20002fb8   Data        1000  main.o(.bss)
    zcr                                      0x200033a0   Data         200  main.o(.bss)
    t0                                       0x20003468   Data          12  main.o(.bss)
    t1                                       0x20003474   Data          12  main.o(.bss)
    t4                                       0x20003480   Data          12  main.o(.bss)
    temp                                     0x2000348c   Data          12  main.o(.bss)
    __initial_sp                             0x20004010   Data           0  arm_startup_nrf51.o(STACK)



==============================================================================

Memory Map of the image

  Image Entry point : 0x0001b0c1

  Load Region LR_IROM1 (Base: 0x0001b000, Size: 0x00004e00, Max: 0x00025000, ABSOLUTE, COMPRESSED[0x00004d08])

    Execution Region ER_IROM1 (Base: 0x0001b000, Size: 0x00004cd0, Max: 0x00025000, ABSOLUTE)

    Base Addr    Size         Type   Attr      Idx    E Section Name        Object

    0x0001b000   0x000000c0   Data   RO         2524    RESET               arm_startup_nrf51.o
    0x0001b0c0   0x00000000   Code   RO         2566  * .ARM.Collect$$$$00000000  mc_p.l(entry.o)
    0x0001b0c0   0x00000004   Code   RO         2866    .ARM.Collect$$$$00000001  mc_p.l(entry2.o)
    0x0001b0c4   0x00000004   Code   RO         2869    .ARM.Collect$$$$00000004  mc_p.l(entry5.o)
    0x0001b0c8   0x00000000   Code   RO         2871    .ARM.Collect$$$$00000008  mc_p.l(entry7b.o)
    0x0001b0c8   0x00000000   Code   RO         2873    .ARM.Collect$$$$0000000A  mc_p.l(entry8b.o)
    0x0001b0c8   0x00000008   Code   RO         2874    .ARM.Collect$$$$0000000B  mc_p.l(entry9a.o)
    0x0001b0d0   0x00000000   Code   RO         2876    .ARM.Collect$$$$0000000D  mc_p.l(entry10a.o)
    0x0001b0d0   0x00000000   Code   RO         2878    .ARM.Collect$$$$0000000F  mc_p.l(entry11a.o)
    0x0001b0d0   0x00000004   Code   RO         2867    .ARM.Collect$$$$00002712  mc_p.l(entry2.o)
    0x0001b0d4   0x00000038   Code   RO         2525    .text               arm_startup_nrf51.o
    0x0001b10c   0x0000002c   Code   RO         2569    .text               mc_p.l(uidiv.o)
    0x0001b138   0x00000024   Code   RO         2571    .text               mc_p.l(memcpya.o)
    0x0001b15c   0x00000024   Code   RO         2573    .text               mc_p.l(memseta.o)
    0x0001b180   0x00000012   Code   RO         2577    .text               mc_p.l(strcpy.o)
    0x0001b192   0x000000b2   Code   RO         2842    .text               mf_p.l(fadd.o)
    0x0001b244   0x0000007a   Code   RO         2844    .text               mf_p.l(fmul.o)
    0x0001b2be   0x00000002   PAD
    0x0001b2c0   0x00000164   Code   RO         2846    .text               mf_p.l(dadd.o)
    0x0001b424   0x000000d0   Code   RO         2848    .text               mf_p.l(dmul.o)
    0x0001b4f4   0x000000f0   Code   RO         2850    .text               mf_p.l(ddiv.o)
    0x0001b5e4   0x0000002c   Code   RO         2852    .text               mf_p.l(dscalb.o)
    0x0001b610   0x00000016   Code   RO         2854    .text               mf_p.l(fflti.o)
    0x0001b626   0x0000000e   Code   RO         2856    .text               mf_p.l(ffltui.o)
    0x0001b634   0x00000028   Code   RO         2858    .text               mf_p.l(dflti.o)
    0x0001b65c   0x0000001c   Code   RO         2860    .text               mf_p.l(dfltui.o)
    0x0001b678   0x0000003c   Code   RO         2862    .text               mf_p.l(dfixui.o)
    0x0001b6b4   0x00000028   Code   RO         2864    .text               mf_p.l(f2d.o)
    0x0001b6dc   0x00000060   Code   RO         2880    .text               mc_p.l(uldiv.o)
    0x0001b73c   0x00000020   Code   RO         2882    .text               mc_p.l(llshl.o)
    0x0001b75c   0x00000022   Code   RO         2884    .text               mc_p.l(llushr.o)
    0x0001b77e   0x00000026   Code   RO         2886    .text               mc_p.l(llsshr.o)
    0x0001b7a4   0x00000000   Code   RO         2888    .text               mc_p.l(iusefp.o)
    0x0001b7a4   0x00000082   Code   RO         2889    .text               mf_p.l(fepilogue.o)
    0x0001b826   0x000000be   Code   RO         2891    .text               mf_p.l(depilogue.o)
    0x0001b8e4   0x00000040   Code   RO         2895    .text               mf_p.l(dfixul.o)
    0x0001b924   0x00000028   Code   RO         2897    .text               mf_p.l(cdrcmple.o)
    0x0001b94c   0x00000024   Code   RO         2899    .text               mc_p.l(init.o)
    0x0001b970   0x00000056   Code   RO         2909    .text               mc_p.l(__dczerorl2.o)
    0x0001b9c6   0x00000002   PAD
    0x0001b9c8   0x00000224   Code   RO            3    i.ADC_IRQHandler    main.o
    0x0001bbec   0x000000d8   Code   RO            4    i.EZCR              main.o
    0x0001bcc4   0x00000178   Code   RO         1199    i.GPIOTE_IRQHandler  nrf_drv_gpiote.o
    0x0001be3c   0x00000044   Code   RO         1783    i.NVIC_SetPriority  app_timer.o
    0x0001be80   0x00000054   Code   RO          987    i.POWER_CLOCK_IRQHandler  nrf_drv_clock.o
    0x0001bed4   0x00000020   Code   RO         1784    i.RTC1_IRQHandler   app_timer.o
    0x0001bef4   0x00000008   Code   RO         1785    i.SWI0_IRQHandler   app_timer.o
    0x0001befc   0x00000020   Code   RO         2391    i.SWI2_IRQHandler   softdevice_handler.o
    0x0001bf1c   0x000000a0   Code   RO         2532    i.SystemInit        system_nrf51.o
    0x0001bfbc   0x00000014   Code   RO         1414    i.UART0_IRQHandler  nrf_drv_uart.o
    0x0001bfd0   0x00000020   Code   RO         2814    i.__0printf         mc_p.l(printfa.o)
    0x0001bff0   0x0000002e   Code   RO         2893    i.__ARM_clz         mf_p.l(depilogue.o)
    0x0001c01e   0x0000001a   Code   RO          547    i.__ARM_common_switch8  bsp.o
    0x0001c038   0x0000000e   Code   RO         2903    i.__scatterload_copy  mc_p.l(handlers.o)
    0x0001c046   0x00000002   Code   RO         2904    i.__scatterload_null  mc_p.l(handlers.o)
    0x0001c048   0x0000000e   Code   RO         2905    i.__scatterload_zeroinit  mc_p.l(handlers.o)
    0x0001c056   0x00000002   PAD
    0x0001c058   0x0000001c   Code   RO         2392    i.__sd_nvic_app_accessible_irq  softdevice_handler.o
    0x0001c074   0x00000158   Code   RO         2821    i._fp_digits        mc_p.l(printfa.o)
    0x0001c1cc   0x000006ec   Code   RO         2822    i._printf_core      mc_p.l(printfa.o)
    0x0001c8b8   0x00000020   Code   RO         2823    i._printf_post_padding  mc_p.l(printfa.o)
    0x0001c8d8   0x0000002c   Code   RO         2824    i._printf_pre_padding  mc_p.l(printfa.o)
    0x0001c904   0x00000038   Code   RO            5    i.adc_init          main.o
    0x0001c93c   0x0000018e   Code   RO          646    i.adv_data_encode   ble_advdata.o
    0x0001caca   0x00000002   PAD
    0x0001cacc   0x00000068   Code   RO          731    i.adv_mode_next_avail_get  ble_advertising.o
    0x0001cb34   0x0000003c   Code   RO          566    i.advertising_buttons_configure  bsp_btn_ble.o
    0x0001cb70   0x00000060   Code   RO            6    i.advertising_init  main.o
    0x0001cbd0   0x0000000a   Code   RO          453    i.alert_timer_handler  bsp.o
    0x0001cbda   0x00000002   PAD
    0x0001cbdc   0x00000024   Code   RO         1592    i.app_button_enable  app_button.o
    0x0001cc00   0x00000074   Code   RO         1593    i.app_button_init   app_button.o
    0x0001cc74   0x0000001c   Code   RO         1688    i.app_error_fault_handler  app_error_weak.o
    0x0001cc90   0x00000018   Code   RO         1650    i.app_error_handler_bare  app_error.o
    0x0001cca8   0x00000016   Code   RO         1715    i.app_fifo_get      app_fifo.o
    0x0001ccbe   0x00000024   Code   RO         1716    i.app_fifo_init     app_fifo.o
    0x0001cce2   0x0000001a   Code   RO         1718    i.app_fifo_put      app_fifo.o
    0x0001ccfc   0x0000000c   Code   RO         1787    i.app_timer_cnt_get  app_timer.o
    0x0001cd08   0x0000002c   Code   RO         1788    i.app_timer_create  app_timer.o
    0x0001cd34   0x000000a0   Code   RO         1789    i.app_timer_init    app_timer.o
    0x0001cdd4   0x00000088   Code   RO         1790    i.app_timer_start   app_timer.o
    0x0001ce5c   0x00000028   Code   RO         1791    i.app_timer_stop    app_timer.o
    0x0001ce84   0x000000b0   Code   RO         1923    i.app_uart_init     app_uart_fifo.o
    0x0001cf34   0x00000040   Code   RO         1924    i.app_uart_put      app_uart_fifo.o
    0x0001cf74   0x0000003c   Code   RO         1979    i.app_util_critical_region_enter  app_util_platform.o
    0x0001cfb0   0x0000002c   Code   RO         1980    i.app_util_critical_region_exit  app_util_platform.o
    0x0001cfdc   0x00000084   Code   RO         1415    i.apply_config      nrf_drv_uart.o
    0x0001d060   0x00000068   Code   RO          647    i.ble_advdata_set   ble_advdata.o
    0x0001d0c8   0x0000015c   Code   RO          732    i.ble_advertising_init  ble_advertising.o
    0x0001d224   0x00000058   Code   RO          733    i.ble_advertising_on_ble_evt  ble_advertising.o
    0x0001d27c   0x00000108   Code   RO          737    i.ble_advertising_start  ble_advertising.o
    0x0001d384   0x00000054   Code   RO          825    i.ble_conn_params_init  ble_conn_params.o
    0x0001d3d8   0x00000090   Code   RO          826    i.ble_conn_params_on_ble_evt  ble_conn_params.o
    0x0001d468   0x0000005e   Code   RO          648    i.ble_device_addr_encode  ble_advdata.o
    0x0001d4c6   0x00000002   PAD
    0x0001d4c8   0x00000028   Code   RO            8    i.ble_evt_dispatch  main.o
    0x0001d4f0   0x00000068   Code   RO          944    i.ble_nus_init      ble_nus.o
    0x0001d558   0x0000005c   Code   RO          945    i.ble_nus_on_ble_evt  ble_nus.o
    0x0001d5b4   0x00000054   Code   RO          946    i.ble_nus_string_send  ble_nus.o
    0x0001d608   0x0000000e   Code   RO          891    i.ble_srv_is_notification_enabled  ble_srv_common.o
    0x0001d616   0x00000002   PAD
    0x0001d618   0x0000000c   Code   RO          338    i.bsp_board_button_idx_to_pin  boards.o
    0x0001d624   0x00000020   Code   RO          339    i.bsp_board_button_state_get  boards.o
    0x0001d644   0x00000020   Code   RO          342    i.bsp_board_led_invert  boards.o
    0x0001d664   0x00000014   Code   RO          343    i.bsp_board_led_off  boards.o
    0x0001d678   0x00000014   Code   RO          344    i.bsp_board_led_on  boards.o
    0x0001d68c   0x00000020   Code   RO          345    i.bsp_board_led_state_get  boards.o
    0x0001d6ac   0x00000028   Code   RO          346    i.bsp_board_leds_init  boards.o
    0x0001d6d4   0x00000012   Code   RO          347    i.bsp_board_leds_off  boards.o
    0x0001d6e6   0x00000012   Code   RO          348    i.bsp_board_leds_on  boards.o
    0x0001d6f8   0x00000024   Code   RO          349    i.bsp_board_pin_to_button_idx  boards.o
    0x0001d71c   0x00000040   Code   RO          567    i.bsp_btn_ble_init  bsp_btn_ble.o
    0x0001d75c   0x00000078   Code   RO          568    i.bsp_btn_ble_on_ble_evt  bsp_btn_ble.o
    0x0001d7d4   0x00000022   Code   RO          569    i.bsp_btn_ble_sleep_mode_prepare  bsp_btn_ble.o
    0x0001d7f6   0x00000002   PAD
    0x0001d7f8   0x00000094   Code   RO          454    i.bsp_button_event_handler  bsp.o
    0x0001d88c   0x00000008   Code   RO          455    i.bsp_button_is_pressed  bsp.o
    0x0001d894   0x00000048   Code   RO          458    i.bsp_event_to_button_action_assign  bsp.o
    0x0001d8dc   0x0000001c   Code   RO          459    i.bsp_indication_set  bsp.o
    0x0001d8f8   0x00000098   Code   RO          460    i.bsp_init          bsp.o
    0x0001d990   0x00000180   Code   RO          461    i.bsp_led_indication  bsp.o
    0x0001db10   0x00000010   Code   RO          463    i.bsp_wakeup_button_enable  bsp.o
    0x0001db20   0x0000000c   Code   RO          464    i.button_timer_handler  bsp.o
    0x0001db2c   0x0000001c   Code   RO         1200    i.channel_free      nrf_drv_gpiote.o
    0x0001db48   0x00000048   Code   RO         1201    i.channel_port_alloc  nrf_drv_gpiote.o
    0x0001db90   0x00000010   Code   RO         1202    i.channel_port_get  nrf_drv_gpiote.o
    0x0001dba0   0x00000028   Code   RO          988    i.clock_clk_started_notify  nrf_drv_clock.o
    0x0001dbc8   0x000000a0   Code   RO         1793    i.compare_reg_update  app_timer.o
    0x0001dc68   0x00000088   Code   RO          649    i.conn_int_encode   ble_advdata.o
    0x0001dcf0   0x00000008   Code   RO            9    i.conn_params_error_handler  main.o
    0x0001dcf8   0x00000068   Code   RO          828    i.conn_params_negotiation  ble_conn_params.o
    0x0001dd60   0x00000060   Code   RO         1595    i.detection_delay_timeout_handler  app_button.o
    0x0001ddc0   0x00000040   Code   RO         1794    i.elapsed_ticks_acquire  app_timer.o
    0x0001de00   0x00000014   Code   RO         1721    i.fifo_get          app_fifo.o
    0x0001de14   0x00000012   Code   RO         1722    i.fifo_put          app_fifo.o
    0x0001de26   0x0000000e   Code   RO         2168    i.fputc             retarget.o
    0x0001de34   0x00000018   Code   RO         2032    i.fs_queued_op_count_get  fstorage.o
    0x0001de4c   0x00000050   Code   RO         1596    i.gpiote_event_handler  app_button.o
    0x0001de9c   0x00000080   Code   RO         2393    i.intern_softdevice_events_execute  softdevice_handler.o
    0x0001df1c   0x0000001c   Code   RO          829    i.is_conn_params_ok  ble_conn_params.o
    0x0001df38   0x00000048   Code   RO         2533    i.is_manual_peripheral_setup_needed  system_nrf51.o
    0x0001df80   0x00000018   Code   RO          465    i.leds_timer_handler  bsp.o
    0x0001df98   0x000000ac   Code   RO         1795    i.list_deletions_handler  app_timer.o
    0x0001e044   0x000000bc   Code   RO         1796    i.list_insertions_handler  app_timer.o
    0x0001e100   0x000004ac   Code   RO           10    i.main              main.o
    0x0001e5ac   0x00000068   Code   RO          650    i.manuf_specific_data_encode  ble_advdata.o
    0x0001e614   0x0000009e   Code   RO          651    i.name_encode       ble_advdata.o
    0x0001e6b2   0x00000010   Code   RO         1203    i.nrf_bitmask_bit_is_set  nrf_drv_gpiote.o
    0x0001e6c2   0x00000010   Code   RO          992    i.nrf_clock_event_check  nrf_drv_clock.o
    0x0001e6d2   0x00000002   PAD
    0x0001e6d4   0x00000030   Code   RO           11    i.nrf_delay_us      main.o
    0x0001e704   0x00000030   Code   RO         1797    i.nrf_delay_us      app_timer.o
    0x0001e734   0x00000048   Code   RO          999    i.nrf_drv_clock_init  nrf_drv_clock.o
    0x0001e77c   0x00000034   Code   RO         1006    i.nrf_drv_clock_on_sd_enable  nrf_drv_clock.o
    0x0001e7b0   0x0000000c   Code   RO         1007    i.nrf_drv_clock_on_soc_event  nrf_drv_clock.o
    0x0001e7bc   0x00000060   Code   RO         1158    i.nrf_drv_common_irq_enable  nrf_drv_common.o
    0x0001e81c   0x00000098   Code   RO         1206    i.nrf_drv_gpiote_in_event_enable  nrf_drv_gpiote.o
    0x0001e8b4   0x000000a8   Code   RO         1207    i.nrf_drv_gpiote_in_init  nrf_drv_gpiote.o
    0x0001e95c   0x00000014   Code   RO         1208    i.nrf_drv_gpiote_in_is_set  nrf_drv_gpiote.o
    0x0001e970   0x0000005c   Code   RO         1210    i.nrf_drv_gpiote_init  nrf_drv_gpiote.o
    0x0001e9cc   0x00000010   Code   RO         1211    i.nrf_drv_gpiote_is_init  nrf_drv_gpiote.o
    0x0001e9dc   0x00000080   Code   RO         1417    i.nrf_drv_uart_init  nrf_drv_uart.o
    0x0001ea5c   0x0000005c   Code   RO         1418    i.nrf_drv_uart_rx   nrf_drv_uart.o
    0x0001eab8   0x0000002c   Code   RO         1421    i.nrf_drv_uart_rx_enable  nrf_drv_uart.o
    0x0001eae4   0x000000a8   Code   RO         1422    i.nrf_drv_uart_rx_for_uart  nrf_drv_uart.o
    0x0001eb8c   0x00000034   Code   RO         1423    i.nrf_drv_uart_tx   nrf_drv_uart.o
    0x0001ebc0   0x0000008c   Code   RO         1425    i.nrf_drv_uart_tx_for_uart  nrf_drv_uart.o
    0x0001ec4c   0x00000018   Code   RO         1426    i.nrf_drv_uart_tx_in_progress  nrf_drv_uart.o
    0x0001ec64   0x00000028   Code   RO          351    i.nrf_gpio_cfg      boards.o
    0x0001ec8c   0x00000028   Code   RO         1223    i.nrf_gpio_cfg      nrf_drv_gpiote.o
    0x0001ecb4   0x00000028   Code   RO         1428    i.nrf_gpio_cfg      nrf_drv_uart.o
    0x0001ecdc   0x00000012   Code   RO         1430    i.nrf_gpio_cfg_input  nrf_drv_uart.o
    0x0001ecee   0x00000014   Code   RO         1431    i.nrf_gpio_cfg_output  nrf_drv_uart.o
    0x0001ed02   0x00000022   Code   RO          466    i.nrf_gpio_cfg_sense_set  bsp.o
    0x0001ed24   0x00000022   Code   RO         1225    i.nrf_gpio_cfg_sense_set  nrf_drv_gpiote.o
    0x0001ed46   0x00000002   PAD
    0x0001ed48   0x00000010   Code   RO           12    i.nrf_gpio_pin_read  main.o
    0x0001ed58   0x00000018   Code   RO          352    i.nrf_gpio_pin_write  boards.o
    0x0001ed70   0x00000028   Code   RO         1226    i.nrf_gpio_ports_read  nrf_drv_gpiote.o
    0x0001ed98   0x00000010   Code   RO         1227    i.nrf_gpiote_event_clear  nrf_drv_gpiote.o
    0x0001eda8   0x00000014   Code   RO         1228    i.nrf_gpiote_event_is_set  nrf_drv_gpiote.o
    0x0001edbc   0x0000000a   Code   RO         1432    i.nrf_uart_event_check  nrf_drv_uart.o
    0x0001edc6   0x00000010   Code   RO         1433    i.nrf_uart_int_enable_check  nrf_drv_uart.o
    0x0001edd6   0x00000002   PAD
    0x0001edd8   0x000001b8   Code   RO           13    i.nus_data_handler  main.o
    0x0001ef90   0x0000003a   Code   RO           14    i.on_adv_evt        main.o
    0x0001efca   0x00000002   PAD
    0x0001efcc   0x00000144   Code   RO           15    i.on_ble_evt        main.o
    0x0001f110   0x00000020   Code   RO           16    i.on_conn_params_evt  main.o
    0x0001f130   0x00000018   Code   RO         1229    i.pin_in_use_by_port  nrf_drv_gpiote.o
    0x0001f148   0x00000018   Code   RO         1230    i.pin_in_use_by_te  nrf_drv_gpiote.o
    0x0001f160   0x00000026   Code   RO         1434    i.rx_byte           nrf_drv_uart.o
    0x0001f186   0x0000009e   Code   RO          947    i.rx_char_add       ble_nus.o
    0x0001f224   0x00000014   Code   RO         1435    i.rx_done_event     nrf_drv_uart.o
    0x0001f238   0x0000001a   Code   RO         1436    i.rx_enable         nrf_drv_uart.o
    0x0001f252   0x00000002   PAD
    0x0001f254   0x00000084   Code   RO         2395    i.sd_nvic_EnableIRQ  softdevice_handler.o
    0x0001f2d8   0x0000008e   Code   RO          652    i.service_data_encode  ble_advdata.o
    0x0001f366   0x00000002   PAD
    0x0001f368   0x00000058   Code   RO          739    i.set_adv_mode_fast  ble_advertising.o
    0x0001f3c0   0x00000054   Code   RO          740    i.set_adv_mode_slow  ble_advertising.o
    0x0001f414   0x00000024   Code   RO           17    i.signal_processing_algorithms  main.o
    0x0001f438   0x00000014   Code   RO         2396    i.softdevice_ble_evt_handler_set  softdevice_handler.o
    0x0001f44c   0x00000014   Code   RO         2397    i.softdevice_enable  softdevice_handler.o
    0x0001f460   0x00000028   Code   RO         2398    i.softdevice_enable_get_default_config  softdevice_handler.o
    0x0001f488   0x00000008   Code   RO         2399    i.softdevice_fault_handler  softdevice_handler.o
    0x0001f490   0x00000058   Code   RO         2400    i.softdevice_handler_init  softdevice_handler.o
    0x0001f4e8   0x0000000c   Code   RO         2401    i.softdevice_handler_is_enabled  softdevice_handler.o
    0x0001f4f4   0x00000060   Code   RO           18    i.timer_init        main.o
    0x0001f554   0x00000084   Code   RO         1798    i.timer_list_handler  app_timer.o
    0x0001f5d8   0x00000010   Code   RO         1799    i.timer_list_handler_sched  app_timer.o
    0x0001f5e8   0x00000040   Code   RO         1800    i.timer_list_insert  app_timer.o
    0x0001f628   0x00000048   Code   RO         1801    i.timer_stop_op_schedule  app_timer.o
    0x0001f670   0x00000080   Code   RO         1802    i.timer_timeouts_check  app_timer.o
    0x0001f6f0   0x0000001e   Code   RO         1437    i.tx_byte           nrf_drv_uart.o
    0x0001f70e   0x00000080   Code   RO          948    i.tx_char_add       ble_nus.o
    0x0001f78e   0x00000018   Code   RO         1438    i.tx_done_event     nrf_drv_uart.o
    0x0001f7a6   0x00000018   Code   RO           19    i.uart_event_handle  main.o
    0x0001f7be   0x00000002   PAD
    0x0001f7c0   0x000000a8   Code   RO         1925    i.uart_event_handler  app_uart_fifo.o
    0x0001f868   0x00000128   Code   RO         1439    i.uart_irq_handler  nrf_drv_uart.o
    0x0001f990   0x0000000a   Code   RO          653    i.uint16_encode     ble_advdata.o
    0x0001f99a   0x00000002   PAD
    0x0001f99c   0x00000064   Code   RO          830    i.update_timeout_handler  ble_conn_params.o
    0x0001fa00   0x0000002c   Code   RO         1803    i.user_op_alloc     app_timer.o
    0x0001fa2c   0x00000030   Code   RO          654    i.uuid_list_encode  ble_advdata.o
    0x0001fa5c   0x000000ae   Code   RO          655    i.uuid_list_sized_encode  ble_advdata.o
    0x0001fb0a   0x00000002   PAD
    0x0001fb0c   0x00000018   Code   RO          741    i.whitelist_has_entries  ble_advertising.o
    0x0001fb24   0x000000fc   Code   RO           20    i.write_data        main.o
    0x0001fc20   0x0000001c   Data   RO           28    .constdata          main.o
    0x0001fc3c   0x00000008   Data   RO          353    .constdata          boards.o
    0x0001fc44   0x0000002c   Data   RO          471    .constdata          bsp.o
    0x0001fc70   0x00000004   Data   RO          833    .constdata          ble_conn_params.o
    0x0001fc74   0x00000010   Data   RO          949    .constdata          ble_nus.o
    0x0001fc84   0x00000004   Data   RO         1232    .constdata          nrf_drv_gpiote.o
    0x0001fc88   0x00000008   Data   RO         1598    .constdata          app_button.o
    0x0001fc90   0x00000020   Data   RO         1927    .constdata          app_uart_fifo.o
    0x0001fcb0   0x00000020   Data   RO         2901    Region$$Table       anon$$obj.o


    Execution Region RW_IRAM1 (Base: 0x20001fe8, Size: 0x00002028, Max: 0x00006018, ABSOLUTE, COMPRESSED[0x00000038])

    Base Addr    Size         Type   Attr      Idx    E Section Name        Object

    0x20001fe8   0x00000064   Data   RW           29    .data               main.o
    0x2000204c   0x00000014   Data   RW          472    .data               bsp.o
    0x20002060   0x00000008   Data   RW          570    .data               bsp_btn_ble.o
    0x20002068   0x00000030   Data   RW          745    .data               ble_advertising.o
    0x20002098   0x00000014   Data   RW          834    .data               ble_conn_params.o
    0x200020ac   0x00000014   Data   RW         1599    .data               app_button.o
    0x200020c0   0x00000020   Data   RW         1804    .data               app_timer.o
    0x200020e0   0x00000010   Data   RW         1928    .data               app_uart_fifo.o
    0x200020f0   0x0000000c   Data   RW         1983    .data               app_util_platform.o
    0x200020fc   0x00000004   Data   RW         2169    .data               retarget.o
    0x20002100   0x00000014   Data   RW         2407    .data               softdevice_handler.o
    0x20002114   0x00000004   Data   RW         2534    .data               system_nrf51.o
    0x20002118   0x00001380   Zero   RW           21    .bss                main.o
    0x20003498   0x00000020   Zero   RW          467    .bss                bsp.o
    0x200034b8   0x00000020   Zero   RW          468    .bss                bsp.o
    0x200034d8   0x0000000c   Zero   RW          469    .bss                bsp.o
    0x200034e4   0x00000020   Zero   RW          470    .bss                bsp.o
    0x20003504   0x0000016b   Zero   RW          742    .bss                ble_advertising.o
    0x2000366f   0x00000001   PAD
    0x20003670   0x00000020   Zero   RW          743    .bss                ble_advertising.o
    0x20003690   0x00000020   Zero   RW          744    .bss                ble_advertising.o
    0x200036b0   0x00000020   Zero   RW          831    .bss                ble_conn_params.o
    0x200036d0   0x0000001c   Zero   RW          832    .bss                ble_conn_params.o
    0x200036ec   0x00000014   Zero   RW         1009    .bss                nrf_drv_clock.o
    0x20003700   0x00000048   Zero   RW         1231    .bss                nrf_drv_gpiote.o
    0x20003748   0x0000001c   Zero   RW         1440    .bss                nrf_drv_uart.o
    0x20003764   0x00000020   Zero   RW         1597    .bss                app_button.o
    0x20003784   0x00000020   Zero   RW         1926    .bss                app_uart_fifo.o
    0x200037a4   0x00000068   Zero   RW         2041    .bss                fstorage.o
    0x2000380c   0x00000004   PAD
    0x20003810   0x00000800   Zero   RW         2522    STACK               arm_startup_nrf51.o


==============================================================================

Image component sizes


      Code (inc. data)   RO Data    RW Data    ZI Data      Debug   Object Name

       328         34          8         20         32       8982   app_button.o
        24          4          0          0          0       2209   app_error.o
        28         10          0          0          0       7094   app_error_weak.o
       122          0          0          0          0       4802   app_fifo.o
      1588        150          0         32          0      42527   app_timer.o
       408         34         32         16         32       9575   app_uart_fifo.o
       104         20          0         12          0       6394   app_util_platform.o
        56         18        192          0       2048        712   arm_startup_nrf51.o
      1368          6          0          0          0      30656   ble_advdata.o
      1000         62          0         48        427      10544   ble_advertising.o
       460         60          4         20         60       5536   ble_conn_params.o
       566         12         16          0          0       5570   ble_nus.o
        14          0          0          0          0       1410   ble_srv_common.o
       324         58          8          0          0      12428   boards.o
       914         86         44         20        108      14183   bsp.o
       278         12          0          8          0       9117   bsp_btn_ble.o
        24          6          0          0        104       3772   fstorage.o
      3486        726         28        100       4992     126203   main.o
       276         38          0          0         20      11908   nrf_drv_clock.o
        96         18          0          0          0       7316   nrf_drv_common.o
      1154        100          4          0         72      27996   nrf_drv_gpiote.o
      1338         52          0          0         28      30210   nrf_drv_uart.o
        14          0          0          4          0       2834   retarget.o
       508         66          0         20          0      21355   softdevice_handler.o
       232         36          0          4          0       2351   system_nrf51.o

    ----------------------------------------------------------------------
     14738       1608        368        304       7928     405684   Object Totals
         0          0         32          0          0          0   (incl. Generated)
        28          0          0          0          5          0   (incl. Padding)

    ----------------------------------------------------------------------

      Code (inc. data)   RO Data    RW Data    ZI Data      Debug   Library Member Name

        86          0          0          0          0          0   __dczerorl2.o
         0          0          0          0          0          0   entry.o
         0          0          0          0          0          0   entry10a.o
         0          0          0          0          0          0   entry11a.o
         8          4          0          0          0          0   entry2.o
         4          0          0          0          0          0   entry5.o
         0          0          0          0          0          0   entry7b.o
         0          0          0          0          0          0   entry8b.o
         8          4          0          0          0          0   entry9a.o
        30          0          0          0          0          0   handlers.o
        36          8          0          0          0         68   init.o
         0          0          0          0          0          0   iusefp.o
        32          0          0          0          0         68   llshl.o
        38          0          0          0          0         68   llsshr.o
        34          0          0          0          0         68   llushr.o
        36          0          0          0          0         60   memcpya.o
        36          0          0          0          0        100   memseta.o
      2224         98          0          0          0        412   printfa.o
        18          0          0          0          0         60   strcpy.o
        44          0          0          0          0         72   uidiv.o
        96          0          0          0          0         84   uldiv.o
        40          2          0          0          0         68   cdrcmple.o
       356          4          0          0          0        140   dadd.o
       240          6          0          0          0         84   ddiv.o
       236          0          0          0          0        216   depilogue.o
        60         10          0          0          0         68   dfixui.o
        64         10          0          0          0         68   dfixul.o
        40          6          0          0          0         68   dflti.o
        28          4          0          0          0         68   dfltui.o
       208          6          0          0          0         88   dmul.o
        44          0          0          0          0         72   dscalb.o
        40          0          0          0          0         60   f2d.o
       178          0          0          0          0        108   fadd.o
       130          0          0          0          0        144   fepilogue.o
        22          0          0          0          0         68   fflti.o
        14          0          0          0          0         68   ffltui.o
       122          0          0          0          0         72   fmul.o

    ----------------------------------------------------------------------
      4558        162          0          0          0       2520   Library Totals
         6          0          0          0          0          0   (incl. Padding)

    ----------------------------------------------------------------------

      Code (inc. data)   RO Data    RW Data    ZI Data      Debug   Library Name

      2730        114          0          0          0       1060   mc_p.l
      1822         48          0          0          0       1460   mf_p.l

    ----------------------------------------------------------------------
      4558        162          0          0          0       2520   Library Totals

    ----------------------------------------------------------------------

==============================================================================


      Code (inc. data)   RO Data    RW Data    ZI Data      Debug   

     19296       1770        368        304       7928     399928   Grand Totals
     19296       1770        368         56       7928     399928   ELF Image Totals (compressed)
     19296       1770        368         56          0          0   ROM Totals

==============================================================================

    Total RO  Size (Code + RO Data)                19664 (  19.20kB)
    Total RW  Size (RW Data + ZI Data)              8232 (   8.04kB)
    Total ROM Size (Code + RO Data + RW Data)      19720 (  19.26kB)

==============================================================================

